\BOOKMARK [0][-]{chapter.1}{\376\377\003\225\003\271\003\303\003\261\003\263\003\311\003\263\003\256}{}% 1
\BOOKMARK [1][-]{section.1.1}{\376\377\003\225\003\275\003\265\003\301\003\263\003\265\003\271\003\261\003\272\003\256\000\040\003\234\003\265\003\304\003\254\003\262\003\261\003\303\003\267\000\040\003\272\003\261\003\271\000\040\003\227\003\273\003\265\003\272\003\304\003\301\003\271\003\272\003\255\003\302\000\040\003\221\003\263\003\277\003\301\003\255\003\302}{chapter.1}% 2
\BOOKMARK [1][-]{section.1.2}{\376\377\003\227\000\040\003\225\003\273\003\273\003\267\003\275\003\271\003\272\003\256\000\040\003\221\003\263\003\277\003\301\003\254\000\040\003\227\003\273\003\265\003\272\003\304\003\301\003\271\003\303\003\274\003\277\003\315}{chapter.1}% 3
\BOOKMARK [1][-]{section.1.3}{\376\377\003\232\003\257\003\275\003\267\003\304\003\301\003\277\000\040\003\272\003\261\003\271\000\040\003\225\003\301\003\265\003\305\003\275\003\267\003\304\003\271\003\272\003\254\000\040\003\225\003\301\003\311\003\304\003\256\003\274\003\261\003\304\003\261}{chapter.1}% 4
\BOOKMARK [1][-]{section.1.4}{\376\377\003\243\003\272\003\277\003\300\003\314\003\302\000\040\003\272\003\261\003\271\000\040\003\232\003\315\003\301\003\271\003\265\003\302\000\040\003\243\003\305\003\275\003\265\003\271\003\303\003\306\003\277\003\301\003\255\003\302}{chapter.1}% 5
\BOOKMARK [1][-]{section.1.5}{\376\377\003\224\003\277\003\274\003\256\000\040\003\304\003\267\003\302\000\040\003\225\003\301\003\263\003\261\003\303\003\257\003\261\003\302}{chapter.1}% 6
\BOOKMARK [0][-]{chapter.2}{\376\377\003\222\003\271\003\262\003\273\003\271\003\277\003\263\003\301\003\261\003\306\003\271\003\272\003\256\000\040\003\221\003\275\003\261\003\303\003\272\003\314\003\300\003\267\003\303\003\267}{}% 7
\BOOKMARK [1][-]{section.2.1}{\376\377\003\225\003\271\003\303\003\261\003\263\003\311\003\263\003\256}{chapter.2}% 8
\BOOKMARK [1][-]{section.2.2}{\376\377\003\240\003\261\003\301\003\261\003\264\003\277\003\303\003\271\003\261\003\272\003\254\000\040\003\243\003\304\003\261\003\304\003\271\003\303\003\304\003\271\003\272\003\254\000\040\003\234\003\277\003\275\003\304\003\255\003\273\003\261}{chapter.2}% 9
\BOOKMARK [2][-]{subsection.2.2.1}{\376\377\000A\000R\000I\000M\000A\000/\000S\000A\000R\000I\000M\000A\000\040\003\272\003\261\003\271\000\040\003\300\003\261\003\301\003\261\003\273\003\273\003\261\003\263\003\255\003\302}{section.2.2}% 10
\BOOKMARK [2][-]{subsection.2.2.2}{\376\377\000G\000A\000R\000C\000H\000\040\003\272\003\261\003\271\000\040\003\245\003\262\003\301\003\271\003\264\003\271\003\272\003\254\000\040\003\243\003\304\003\261\003\304\003\271\003\303\003\304\003\271\003\272\003\254\000\040\003\234\003\277\003\275\003\304\003\255\003\273\003\261}{section.2.2}% 11
\BOOKMARK [1][-]{section.2.3}{\376\377\003\234\003\277\003\275\003\304\003\255\003\273\003\261\000\040\003\234\003\267\003\307\003\261\003\275\003\271\003\272\003\256\003\302\000\040\003\234\003\254\003\270\003\267\003\303\003\267\003\302}{chapter.2}% 12
\BOOKMARK [2][-]{subsection.2.3.1}{\376\377\003\224\003\255\003\275\003\304\003\301\003\261\000\040\003\221\003\300\003\277\003\306\003\254\003\303\003\265\003\311\003\275\000\040\003\272\003\261\003\271\000\040\003\234\003\255\003\270\003\277\003\264\003\277\003\271\000\040\000B\000o\000o\000s\000t\000i\000n\000g}{section.2.3}% 13
\BOOKMARK [2][-]{subsection.2.3.2}{\376\377\000S\000u\000p\000p\000o\000r\000t\000\040\000V\000e\000c\000t\000o\000r\000\040\000R\000e\000g\000r\000e\000s\000s\000i\000o\000n}{section.2.3}% 14
\BOOKMARK [2][-]{subsection.2.3.3}{\376\377\003\235\003\265\003\305\003\301\003\311\003\275\003\271\003\272\003\254\000\040\003\224\003\257\003\272\003\304\003\305\003\261\000\040\040\024\000\040\000M\000L\000P}{section.2.3}% 15
\BOOKMARK [1][-]{section.2.4}{\376\377\003\222\003\261\003\270\003\271\003\254\000\040\003\234\003\254\003\270\003\267\003\303\003\267}{chapter.2}% 16
\BOOKMARK [2][-]{subsection.2.4.1}{\376\377\000L\000S\000T\000M\000\040\003\272\003\261\003\271\000\040\000R\000N\000N}{section.2.4}% 17
\BOOKMARK [2][-]{subsection.2.4.2}{\376\377\000T\000r\000a\000n\000s\000f\000o\000r\000m\000e\000r\000-\000b\000a\000s\000e\000d\000\040\003\234\003\277\003\275\003\304\003\255\003\273\003\261}{section.2.4}% 18
\BOOKMARK [1][-]{section.2.5}{\376\377\003\243\003\304\003\301\003\261\003\304\003\267\003\263\003\271\003\272\003\255\003\302\000\040\003\240\003\277\003\273\003\305\000-\003\262\003\256\003\274\003\261\003\304\003\267\003\302\000\040\003\240\003\301\003\314\003\262\003\273\003\265\003\310\003\267\003\302}{chapter.2}% 19
\BOOKMARK [2][-]{subsection.2.5.1}{\376\377\000T\000e\000a\000c\000h\000e\000r\000-\000F\000o\000r\000c\000i\000n\000g\000\040\000\050\000C\000l\000o\000s\000e\000d\000-\000L\000o\000o\000p\000\051}{section.2.5}% 20
\BOOKMARK [2][-]{subsection.2.5.2}{\376\377\000R\000e\000c\000u\000r\000s\000i\000v\000e\000\040\000/\000\040\000O\000p\000e\000n\000-\000L\000o\000o\000p}{section.2.5}% 21
\BOOKMARK [2][-]{subsection.2.5.3}{\376\377\000M\000I\000M\000O}{section.2.5}% 22
\BOOKMARK [2][-]{subsection.2.5.4}{\376\377\000W\000a\000l\000k\000-\000F\000o\000r\000w\000a\000r\000d\000\040\000R\000e\000t\000r\000a\000i\000n\000i\000n\000g}{section.2.5}% 23
\BOOKMARK [1][-]{section.2.6}{\376\377\003\222\003\271\003\262\003\273\003\271\003\277\003\263\003\301\003\261\003\306\003\257\003\261\000\040\003\263\003\271\003\261\000\040\003\304\003\267\003\275\000\040\003\225\003\273\003\273\003\267\003\275\003\271\003\272\003\256\000\040\003\221\003\263\003\277\003\301\003\254}{chapter.2}% 24
\BOOKMARK [1][-]{section.2.7}{\376\377\003\243\003\315\003\263\003\272\003\301\003\271\003\303\003\267\000\040\003\274\003\265\000\040\003\304\003\267\003\275\000\040\003\240\003\261\003\301\003\277\003\315\003\303\003\261\000\040\003\225\003\301\003\263\003\261\003\303\003\257\003\261}{chapter.2}% 25
\BOOKMARK [0][-]{chapter.3}{\376\377\003\224\003\265\003\264\003\277\003\274\003\255\003\275\003\261\000\040\003\272\003\261\003\271\000\040\003\240\003\301\003\277\003\265\003\300\003\265\003\276\003\265\003\301\003\263\003\261\003\303\003\257\003\261}{}% 26
\BOOKMARK [1][-]{section.3.1}{\376\377\003\240\003\267\003\263\003\255\003\302\000\040\003\224\003\265\003\264\003\277\003\274\003\255\003\275\003\311\003\275}{chapter.3}% 27
\BOOKMARK [1][-]{section.3.2}{\376\377\003\247\003\301\003\277\003\275\003\277\003\303\003\265\003\271\003\301\003\254\000\040\003\244\003\271\003\274\003\316\003\275\000\040\000D\000A\000M}{chapter.3}% 28
\BOOKMARK [1][-]{section.3.3}{\376\377\003\247\003\301\003\277\003\275\003\277\003\303\003\265\003\271\003\301\003\254\000\040\003\227\003\273\003\265\003\272\003\304\003\301\003\271\003\272\003\277\003\315\000\040\003\246\003\277\003\301\003\304\003\257\003\277\003\305}{chapter.3}% 29
\BOOKMARK [1][-]{section.3.4}{\376\377\003\232\003\261\003\304\003\261\003\303\003\272\003\265\003\305\003\256\000\040\003\247\003\261\003\301\003\261\003\272\003\304\003\267\003\301\003\271\003\303\003\304\003\271\003\272\003\316\003\275\000\040\000\050\000F\000e\000a\000t\000u\000r\000e\000\040\000E\000n\000g\000i\000n\000e\000e\000r\000i\000n\000g\000\051}{chapter.3}% 30
\BOOKMARK [2][-]{subsection.3.4.1}{\376\377\003\247\003\301\003\277\003\275\003\271\003\272\003\255\003\302\000\040\003\245\003\303\003\304\003\265\003\301\003\256\003\303\003\265\003\271\003\302\000\040\000\050\000L\000a\000g\000\040\000F\000e\000a\000t\000u\000r\000e\000s\000\051}{section.3.4}% 31
\BOOKMARK [2][-]{subsection.3.4.2}{\376\377\003\232\003\305\003\273\003\271\003\314\003\274\003\265\003\275\003\261\000\040\003\243\003\304\003\261\003\304\003\271\003\303\003\304\003\271\003\272\003\254\000\040\000\050\000R\000o\000l\000l\000i\000n\000g\000\040\000F\000e\000a\000t\000u\000r\000e\000s\000\051}{section.3.4}% 32
\BOOKMARK [2][-]{subsection.3.4.3}{\376\377\003\227\003\274\003\265\003\301\003\277\003\273\003\277\003\263\003\271\003\261\003\272\003\254\000\040\003\247\003\261\003\301\003\261\003\272\003\304\003\267\003\301\003\271\003\303\003\304\003\271\003\272\003\254}{section.3.4}% 33
\BOOKMARK [2][-]{subsection.3.4.4}{\376\377\003\225\003\276\003\311\003\263\003\265\003\275\003\265\003\257\003\302\000\040\003\234\003\265\003\304\003\261\003\262\003\273\003\267\003\304\003\255\003\302}{section.3.4}% 34
\BOOKMARK [1][-]{section.3.5}{\376\377\003\247\003\301\003\277\003\275\003\271\003\272\003\314\003\302\000\040\003\224\003\271\003\261\003\307\003\311\003\301\003\271\003\303\003\274\003\314\003\302}{chapter.3}% 35
\BOOKMARK [2][-]{subsection.3.5.1}{\376\377\003\243\003\315\003\275\003\277\003\273\003\277\000\040\003\247\003\261\003\301\003\261\003\272\003\304\003\267\003\301\003\271\003\303\003\304\003\271\003\272\003\316\003\275}{section.3.5}% 36
\BOOKMARK [0][-]{chapter.4}{\376\377\003\234\003\255\003\270\003\277\003\264\003\277\003\271\000\040\003\240\003\301\003\314\003\262\003\273\003\265\003\310\003\267\003\302}{}% 37
\BOOKMARK [1][-]{section.4.1}{\376\377\003\223\003\301\003\261\003\274\003\274\003\255\003\302\000\040\003\222\003\254\003\303\003\267\003\302\000\040\000\050\000B\000a\000s\000e\000l\000i\000n\000e\000s\000\051}{chapter.4}% 38
\BOOKMARK [1][-]{section.4.2}{\376\377\003\221\003\273\003\263\003\314\003\301\003\271\003\270\003\274\003\277\003\271\000\040\003\234\003\267\003\307\003\261\003\275\003\271\003\272\003\256\003\302\000\040\003\234\003\254\003\270\003\267\003\303\003\267\003\302}{chapter.4}% 39
\BOOKMARK [2][-]{subsection.4.2.1}{\376\377\000L\000i\000g\000h\000t\000G\000B\000M}{section.4.2}% 40
\BOOKMARK [2][-]{subsection.4.2.2}{\376\377\000X\000G\000B\000o\000o\000s\000t}{section.4.2}% 41
\BOOKMARK [2][-]{subsection.4.2.3}{\376\377\000R\000a\000n\000d\000o\000m\000\040\000F\000o\000r\000e\000s\000t}{section.4.2}% 42
\BOOKMARK [2][-]{subsection.4.2.4}{\376\377\000S\000u\000p\000p\000o\000r\000t\000\040\000V\000e\000c\000t\000o\000r\000\040\000R\000e\000g\000r\000e\000s\000s\000i\000o\000n}{section.4.2}% 43
\BOOKMARK [2][-]{subsection.4.2.5}{\376\377\000M\000u\000l\000t\000i\000-\000L\000a\000y\000e\000r\000\040\000P\000e\000r\000c\000e\000p\000t\000r\000o\000n\000\040\000\050\000M\000L\000P\000\051}{section.4.2}% 44
\BOOKMARK [1][-]{section.4.3}{\376\377\003\243\003\304\003\301\003\261\003\304\003\267\003\263\003\271\003\272\003\255\003\302\000\040\003\240\003\301\003\314\003\262\003\273\003\265\003\310\003\267\003\302}{chapter.4}% 45
\BOOKMARK [2][-]{subsection.4.3.1}{\376\377\000T\000e\000a\000c\000h\000e\000r\000-\000F\000o\000r\000c\000i\000n\000g\000\040\000\050\000T\000F\000\040\000/\000\040\000C\000l\000o\000s\000e\000d\000-\000L\000o\000o\000p\000\051}{section.4.3}% 46
\BOOKMARK [2][-]{subsection.4.3.2}{\376\377\000R\000e\000c\000u\000r\000s\000i\000v\000e\000\040\000\050\000O\000p\000e\000n\000-\000L\000o\000o\000p\000\051\000\040\003\274\003\265\000\040\000S\000c\000h\000e\000d\000u\000l\000e\000d\000\040\000S\000a\000m\000p\000l\000i\000n\000g}{section.4.3}% 47
\BOOKMARK [2][-]{subsection.4.3.3}{\376\377\000M\000u\000l\000t\000i\000-\000I\000n\000p\000u\000t\000\040\000M\000u\000l\000t\000i\000-\000O\000u\000t\000p\000u\000t\000\040\000\050\000M\000I\000M\000O\000\051}{section.4.3}% 48
\BOOKMARK [2][-]{subsection.4.3.4}{\376\377\000W\000a\000l\000k\000-\000F\000o\000r\000w\000a\000r\000d\000\040\000M\000o\000n\000t\000h\000l\000y\000\040\000R\000e\000t\000r\000a\000i\000n\000i\000n\000g}{section.4.3}% 49
\BOOKMARK [1][-]{section.4.4}{\376\377\003\222\003\265\003\273\003\304\003\271\003\303\003\304\003\277\003\300\003\277\003\257\003\267\003\303\003\267\000\040\003\245\003\300\003\265\003\301\003\300\003\261\003\301\003\261\003\274\003\255\003\304\003\301\003\311\003\275\000\040\000\050\000O\000p\000t\000u\000n\000a\000\051}{chapter.4}% 50
\BOOKMARK [2][-]{subsection.4.4.1}{\376\377\000O\000L\000-\000A\000w\000a\000r\000e\000\040\000D\000a\000i\000l\000y\000\040\000O\000p\000t\000u\000n\000a}{section.4.4}% 51
\BOOKMARK [2][-]{subsection.4.4.2}{\376\377\000M\000I\000M\000O\000\040\000O\000p\000t\000u\000n\000a}{section.4.4}% 52
\BOOKMARK [2][-]{subsection.4.4.3}{\376\377\000C\000a\000c\000h\000e\000d\000O\000p\000t\000u\000n\000a}{section.4.4}% 53
\BOOKMARK [1][-]{section.4.5}{\376\377\003\234\003\265\003\304\003\301\003\271\003\272\003\255\003\302\000\040\003\221\003\276\003\271\003\277\003\273\003\314\003\263\003\267\003\303\003\267\003\302}{chapter.4}% 54
\BOOKMARK [0][-]{chapter.5}{\376\377\003\221\003\300\003\277\003\304\003\265\003\273\003\255\003\303\003\274\003\261\003\304\003\261\000\040\003\221\003\276\003\271\003\277\003\273\003\314\003\263\003\267\003\303\003\267\003\302}{}% 55
\BOOKMARK [1][-]{section.5.1}{\376\377\003\232\003\273\003\265\003\271\003\303\003\304\003\314\003\302\000\040\003\222\003\301\003\314\003\307\003\277\003\302\000\040\040\024\000\040\000T\000e\000a\000c\000h\000e\000r\000-\000F\000o\000r\000c\000i\000n\000g\000\040\000\050\000C\000L\000/\000T\000F\000\051}{chapter.5}% 56
\BOOKMARK [2][-]{subsection.5.1.1}{\376\377\003\221\003\300\003\277\003\304\003\265\003\273\003\255\003\303\003\274\003\261\003\304\003\261\000\040\0001\000\040\003\234\003\256\003\275\003\261\000\040\000\050\003\224\003\265\003\272\003\255\003\274\003\262\003\301\003\271\003\277\003\302\000\040\0002\0000\0002\0005\000\051}{section.5.1}% 57
\BOOKMARK [2][-]{subsection.5.1.2}{\376\377\003\221\003\300\003\277\003\304\003\265\003\273\003\255\003\303\003\274\003\261\003\304\003\261\000\040\000Q\0001\000\040\0002\0000\0002\0006\000\040\000\050\003\224\003\265\003\272\000.\000\040\0002\0000\0002\0005\000\040\040\023\000\040\003\246\003\265\003\262\000.\000\040\0002\0000\0002\0006\000\051}{section.5.1}% 58
\BOOKMARK [1][-]{section.5.2}{\376\377\003\221\003\275\003\277\003\271\003\272\003\304\003\314\003\302\000\040\003\222\003\301\003\314\003\307\003\277\003\302\000\040\040\024\000\040\000R\000e\000c\000u\000r\000s\000i\000v\000e\000\040\000\050\000O\000L\000\051}{chapter.5}% 59
\BOOKMARK [2][-]{subsection.5.2.1}{\376\377\003\224\003\265\003\272\003\255\003\274\003\262\003\301\003\271\003\277\003\302\000\040\0002\0000\0002\0005\000\040\000\050\003\234\003\267\003\275\003\271\003\261\003\257\003\261\000\040\003\221\003\276\003\271\003\277\003\273\003\314\003\263\003\267\003\303\003\267\000\051}{section.5.2}% 60
\BOOKMARK [1][-]{section.5.3}{\376\377\000M\000I\000M\000O\000\040\000\050\000M\000u\000l\000t\000i\000-\000I\000n\000p\000u\000t\000\040\000M\000u\000l\000t\000i\000-\000O\000u\000t\000p\000u\000t\000\051}{chapter.5}% 61
\BOOKMARK [1][-]{section.5.4}{\376\377\000W\000a\000l\000k\000-\000F\000o\000r\000w\000a\000r\000d\000\040\000M\000o\000n\000t\000h\000l\000y\000\040\000R\000e\000t\000r\000a\000i\000n\000i\000n\000g\000\040\000\050\000M\000R\000\051}{chapter.5}% 62
\BOOKMARK [1][-]{section.5.5}{\376\377\003\243\003\315\003\263\003\272\003\301\003\271\003\303\003\267\000\040\003\243\003\304\003\301\003\261\003\304\003\267\003\263\003\271\003\272\003\316\003\275}{chapter.5}% 63
\BOOKMARK [0][-]{chapter.6}{\376\377\003\221\003\275\003\254\003\273\003\305\003\303\003\267\000\040\003\243\003\267\003\274\003\261\003\275\003\304\003\271\003\272\003\314\003\304\003\267\003\304\003\261\003\302\000\040\003\247\003\261\003\301\003\261\003\272\003\304\003\267\003\301\003\271\003\303\003\304\003\271\003\272\003\316\003\275}{}% 64
\BOOKMARK [1][-]{section.6.1}{\376\377\003\234\003\265\003\270\003\277\003\264\003\277\003\273\003\277\003\263\003\257\003\261}{chapter.6}% 65
\BOOKMARK [1][-]{section.6.2}{\376\377\003\221\003\300\003\277\003\304\003\265\003\273\003\255\003\303\003\274\003\261\003\304\003\261\000\040\040\024\000\040\003\244\003\271\003\274\003\256\000\040\000D\000A\000M}{chapter.6}% 66
\BOOKMARK [1][-]{section.6.3}{\376\377\003\221\003\300\003\277\003\304\003\265\003\273\003\255\003\303\003\274\003\261\003\304\003\261\000\040\040\024\000\040\003\227\003\273\003\265\003\272\003\304\003\301\003\271\003\272\003\314\000\040\003\246\003\277\003\301\003\304\003\257\003\277}{chapter.6}% 67
\BOOKMARK [1][-]{section.6.4}{\376\377\003\243\003\315\003\263\003\272\003\301\003\271\003\303\003\267\000\040\003\232\003\261\003\304\003\254\000\040\003\243\003\304\003\301\003\261\003\304\003\267\003\263\003\271\003\272\003\256}{chapter.6}% 68
\BOOKMARK [1][-]{section.6.5}{\376\377\003\232\003\261\003\304\003\267\003\263\003\277\003\301\003\271\003\277\003\300\003\277\003\257\003\267\003\303\003\267\000\040\003\247\003\261\003\301\003\261\003\272\003\304\003\267\003\301\003\271\003\303\003\304\003\271\003\272\003\316\003\275}{chapter.6}% 69
\BOOKMARK [1][-]{section.6.6}{\376\377\003\243\003\305\003\274\003\300\003\265\003\301\003\254\003\303\003\274\003\261\003\304\003\261\000\040\003\232\003\265\003\306\003\261\003\273\003\261\003\257\003\277\003\305}{chapter.6}% 70
\BOOKMARK [0][-]{chapter.7}{\376\377\003\243\003\304\003\261\003\304\003\271\003\303\003\304\003\271\003\272\003\277\003\257\000\040\003\210\003\273\003\265\003\263\003\307\003\277\003\271\000\040\003\243\003\315\003\263\003\272\003\301\003\271\003\303\003\267\003\302\000\040\003\234\003\277\003\275\003\304\003\255\003\273\003\311\003\275}{}% 71
\BOOKMARK [1][-]{section.7.1}{\376\377\003\237\000\040\003\210\003\273\003\265\003\263\003\307\003\277\003\302\000\040\000D\000i\000e\000b\000o\000l\000d\000-\000M\000a\000r\000i\000a\000n\000o}{chapter.7}% 72
\BOOKMARK [1][-]{section.7.2}{\376\377\003\224\003\271\003\314\003\301\003\270\003\311\003\303\003\267\000\040\000H\000a\000r\000v\000e\000y\000-\000L\000e\000y\000b\000o\000u\000r\000n\000e\000-\000N\000e\000w\000b\000o\000l\000d}{chapter.7}% 73
\BOOKMARK [1][-]{section.7.3}{\376\377\003\240\003\265\003\271\003\301\003\261\003\274\003\261\003\304\003\271\003\272\003\256\000\040\003\224\003\271\003\254\003\304\003\261\003\276\003\267}{chapter.7}% 74
\BOOKMARK [1][-]{section.7.4}{\376\377\003\221\003\300\003\277\003\304\003\265\003\273\003\255\003\303\003\274\003\261\003\304\003\261\000\040\040\024\000\040\003\244\003\271\003\274\003\256\000\040\000D\000A\000M}{chapter.7}% 75
\BOOKMARK [1][-]{section.7.5}{\376\377\003\221\003\300\003\277\003\304\003\265\003\273\003\255\003\303\003\274\003\261\003\304\003\261\000\040\040\024\000\040\003\227\003\273\003\265\003\272\003\304\003\301\003\271\003\272\003\314\000\040\003\246\003\277\003\301\003\304\003\257\003\277}{chapter.7}% 76
\BOOKMARK [1][-]{section.7.6}{\376\377\003\243\003\305\003\274\003\300\003\265\003\301\003\254\003\303\003\274\003\261\003\304\003\261\000\040\003\232\003\265\003\306\003\261\003\273\003\261\003\257\003\277\003\305}{chapter.7}% 77
\BOOKMARK [0][-]{chapter.8}{\376\377\003\243\003\315\003\303\003\304\003\267\003\274\003\261\000\040\003\237\003\300\003\304\003\271\003\272\003\277\003\300\003\277\003\257\003\267\003\303\003\267\003\302\000\040\003\221\003\300\003\277\003\304\003\265\003\273\003\265\003\303\003\274\003\254\003\304\003\311\003\275}{}% 78
\BOOKMARK [1][-]{section.8.1}{\376\377\003\221\003\301\003\307\003\271\003\304\003\265\003\272\003\304\003\277\003\275\003\271\003\272\003\256}{chapter.8}% 79
\BOOKMARK [1][-]{section.8.2}{\376\377\003\243\003\304\003\277\003\271\003\307\003\265\003\257\003\261\000\040\003\224\003\271\003\265\003\300\003\261\003\306\003\256\003\302\000\040\003\247\003\301\003\256\003\303\003\304\003\267}{chapter.8}% 80
\BOOKMARK [1][-]{section.8.3}{\376\377\003\247\003\261\003\301\003\304\003\277\003\263\003\301\003\254\003\306\003\267\003\303\003\267\000\040\003\221\003\301\003\307\003\265\003\257\003\311\003\275\000\040\000J\000S\000O\000N}{chapter.8}% 81
\BOOKMARK [1][-]{section.8.4}{\376\377\003\237\003\264\003\267\003\263\003\257\003\265\003\302\000\040\003\247\003\301\003\256\003\303\003\267\003\302}{chapter.8}% 82
\BOOKMARK [0][-]{chapter.9}{\376\377\003\243\003\305\003\274\003\300\003\265\003\301\003\254\003\303\003\274\003\261\003\304\003\261}{}% 83
\BOOKMARK [1][-]{section.9.1}{\376\377\003\243\003\315\003\275\003\277\003\310\003\267\000\040\003\232\003\315\003\301\003\271\003\311\003\275\000\040\003\225\003\305\003\301\003\267\003\274\003\254\003\304\003\311\003\275}{chapter.9}% 84
\BOOKMARK [1][-]{section.9.2}{\376\377\003\225\003\271\003\264\003\271\003\272\003\254\000\040\003\225\003\305\003\301\003\256\003\274\003\261\003\304\003\261}{chapter.9}% 85
\BOOKMARK [1][-]{section.9.3}{\376\377\003\240\003\265\003\301\003\271\003\277\003\301\003\271\003\303\003\274\003\277\003\257}{chapter.9}% 86
\BOOKMARK [1][-]{section.9.4}{\376\377\003\234\003\265\003\273\003\273\003\277\003\275\003\304\003\271\003\272\003\256\000\040\003\210\003\301\003\265\003\305\003\275\003\261}{chapter.9}% 87
\BOOKMARK [1][-]{section.9.5}{\376\377\003\232\003\273\003\265\003\257\003\303\003\271\003\274\003\277}{chapter.9}% 88
\BOOKMARK [0][-]{chapter*.41}{\376\377\003\222\003\271\003\262\003\273\003\271\003\277\003\263\003\301\003\261\003\306\003\257\003\261}{}% 89
