This is XeTeX, Version 3.141592653-2.6-0.999998 (MiKTeX 26.2) (preloaded format=xelatex 2026.6.12)  2 JUL 2026 01:36
entering extended mode
 restricted \write18 enabled.
 %&-line parsing enabled.
**./main.tex
(main.tex
LaTeX2e <2025-11-01>
L3 programming layer <2026-01-19>
(C:\Users\aggel\AppData\Local\Programs\MiKTeX\tex/latex/base\report.cls
Document Class: report 2025/01/22 v1.4n Standard LaTeX document class
(C:\Users\aggel\AppData\Local\Programs\MiKTeX\tex/latex/base\size11.clo
File: size11.clo 2025/01/22 v1.4n Standard LaTeX file (size option)
)
\c@part=\count271
\c@chapter=\count272
\c@section=\count273
\c@subsection=\count274
\c@subsubsection=\count275
\c@paragraph=\count276
\c@subparagraph=\count277
\c@figure=\count278
\c@table=\count279
\abovecaptionskip=\skip49
\belowcaptionskip=\skip50
\bibindent=\dimen148
)
(C:\Users\aggel\AppData\Local\Programs\MiKTeX\tex/latex/polyglossia\polyglossia
.sty
Package: polyglossia 2026/04/18 v2.10 Modern multilingual typesetting with XeLa
TeX and LuaLaTeX

(C:\Users\aggel\AppData\Local\Programs\MiKTeX\tex/latex/etoolbox\etoolbox.sty
Package: etoolbox 2025/10/02 v2.5m e-TeX tools for LaTeX (JAW)
\etb@tempcnta=\count280
)
(C:\Users\aggel\AppData\Local\Programs\MiKTeX\tex/latex/fontspec\fontspec.sty
(C:\Users\aggel\AppData\Local\Programs\MiKTeX\tex/latex/l3packages/xparse\xpars
e.sty
(C:\Users\aggel\AppData\Local\Programs\MiKTeX\tex/latex/l3kernel\expl3.sty
Package: expl3 2026-01-19 L3 programming layer (loader) 

(C:\Users\aggel\AppData\Local\Programs\MiKTeX\tex/latex/l3backend\l3backend-xet
ex.def
File: l3backend-xetex.def 2025-10-09 L3 backend support: XeTeX
\g__graphics_track_int=\count281
\g__pdfannot_backend_int=\count282
\g__pdfannot_backend_link_int=\count283
))
Package: xparse 2025-10-09 L3 Experimental document command parser
)
Package: fontspec 2025/09/29 v2.9g Font selection for XeLaTeX and LuaLaTeX

(C:\Users\aggel\AppData\Local\Programs\MiKTeX\tex/latex/fontspec\fontspec-xetex
.sty
Package: fontspec-xetex 2025/09/29 v2.9g Font selection for XeLaTeX and LuaLaTe
X
\l__fontspec_script_int=\count284
\l__fontspec_language_int=\count285
\l__fontspec_strnum_int=\count286
\l__fontspec_tmp_int=\count287
\l__fontspec_tmpa_int=\count288
\l__fontspec_tmpb_int=\count289
\l__fontspec_tmpc_int=\count290
\l__fontspec_em_int=\count291
\l__fontspec_emdef_int=\count292
\l__fontspec_strong_int=\count293
\l__fontspec_strongdef_int=\count294
\l__fontspec_tmpa_dim=\dimen149
\l__fontspec_tmpb_dim=\dimen150
\l__fontspec_tmpc_dim=\dimen151
 (C:\Users\aggel\AppData\Local\Programs\MiKTeX\tex/latex/base\fontenc.sty
Package: fontenc 2025/07/18 v2.1d Standard LaTeX package
)
(C:\Users\aggel\AppData\Local\Programs\MiKTeX\tex/latex/fontspec\fontspec.cfg))
) (C:\Users\aggel\AppData\Local\Programs\MiKTeX\tex/generic/iftex\iftex.sty
Package: iftex 2024/12/12 v1.0g TeX engine tests
)
\l_xpg_alias_keyvals_int=\count295

(C:\Users\aggel\AppData\Local\Programs\MiKTeX\tex/latex/polyglossia\gloss-latex
.ldf
File: gloss-latex.ldf polyglossia: module for default language
))
(C:\Users\aggel\AppData\Local\Programs\MiKTeX\tex/latex/polyglossia\gloss-greek
.ldf
File: gloss-greek.ldf polyglossia: module for Greek

(C:\Users\aggel\AppData\Local\Programs\MiKTeX\tex/latex/polyglossia\xgreek-fixe
s.def)
\@attic@num=\count296
)

Package polyglossia Info: Default language is greek


(C:\Users\aggel\AppData\Local\Programs\MiKTeX\tex/latex/polyglossia\gloss-engli
sh.ldf
File: gloss-english.ldf polyglossia: module for English
)
(C:\Users\aggel\AppData\Local\Programs\MiKTeX\tex/latex/geometry\geometry.sty
Package: geometry 2020/01/02 v5.9 Page Geometry

(C:\Users\aggel\AppData\Local\Programs\MiKTeX\tex/latex/graphics\keyval.sty
Package: keyval 2022/05/29 v1.15 key=value parser (DPC)
\KV@toks@=\toks17
)
(C:\Users\aggel\AppData\Local\Programs\MiKTeX\tex/generic/iftex\ifvtex.sty
Package: ifvtex 2019/10/25 v1.7 ifvtex legacy package. Use iftex instead.
)
\Gm@cnth=\count297
\Gm@cntv=\count298
\c@Gm@tempcnt=\count299
\Gm@bindingoffset=\dimen152
\Gm@wd@mp=\dimen153
\Gm@odd@mp=\dimen154
\Gm@even@mp=\dimen155
\Gm@layoutwidth=\dimen156
\Gm@layoutheight=\dimen157
\Gm@layouthoffset=\dimen158
\Gm@layoutvoffset=\dimen159
\Gm@dimlist=\toks18

(C:\Users\aggel\AppData\Local\Programs\MiKTeX\tex/latex/geometry\geometry.cfg))
(C:\Users\aggel\AppData\Local\Programs\MiKTeX\tex/latex/amsmath\amsmath.sty
Package: amsmath 2025/07/09 v2.17z AMS math features
\@mathmargin=\skip51

For additional information on amsmath, use the `?' option.
(C:\Users\aggel\AppData\Local\Programs\MiKTeX\tex/latex/amsmath\amstext.sty
Package: amstext 2024/11/17 v2.01 AMS text

(C:\Users\aggel\AppData\Local\Programs\MiKTeX\tex/latex/amsmath\amsgen.sty
File: amsgen.sty 1999/11/30 v2.0 generic functions
\@emptytoks=\toks19
\ex@=\dimen160
))
(C:\Users\aggel\AppData\Local\Programs\MiKTeX\tex/latex/amsmath\amsbsy.sty
Package: amsbsy 1999/11/29 v1.2d Bold Symbols
\pmbraise@=\dimen161
)
(C:\Users\aggel\AppData\Local\Programs\MiKTeX\tex/latex/amsmath\amsopn.sty
Package: amsopn 2022/04/08 v2.04 operator names
)
\inf@bad=\count300
LaTeX Info: Redefining \frac on input line 233.
\uproot@=\count301
\leftroot@=\count302
LaTeX Info: Redefining \overline on input line 398.
LaTeX Info: Redefining \colon on input line 409.
\classnum@=\count303
\DOTSCASE@=\count304
LaTeX Info: Redefining \ldots on input line 495.
LaTeX Info: Redefining \dots on input line 498.
LaTeX Info: Redefining \cdots on input line 619.
\Mathstrutbox@=\box53
\strutbox@=\box54
LaTeX Info: Redefining \big on input line 721.
LaTeX Info: Redefining \Big on input line 722.
LaTeX Info: Redefining \bigg on input line 723.
LaTeX Info: Redefining \Bigg on input line 724.
\big@size=\dimen162
LaTeX Font Info:    Redeclaring font encoding OML on input line 742.
LaTeX Font Info:    Redeclaring font encoding OMS on input line 743.
\macc@depth=\count305
LaTeX Info: Redefining \bmod on input line 904.
LaTeX Info: Redefining \pmod on input line 909.
LaTeX Info: Redefining \smash on input line 939.
LaTeX Info: Redefining \relbar on input line 969.
LaTeX Info: Redefining \Relbar on input line 970.
\c@MaxMatrixCols=\count306
\dotsspace@=\muskip17
\c@parentequation=\count307
\dspbrk@lvl=\count308
\tag@help=\toks20
\row@=\count309
\column@=\count310
\maxfields@=\count311
\andhelp@=\toks21
\eqnshift@=\dimen163
\alignsep@=\dimen164
\tagshift@=\dimen165
\tagwidth@=\dimen166
\totwidth@=\dimen167
\lineht@=\dimen168
\@envbody=\toks22
\multlinegap=\skip52
\multlinetaggap=\skip53
\mathdisplay@stack=\toks23
LaTeX Info: Redefining \[ on input line 2950.
LaTeX Info: Redefining \] on input line 2951.
)
(C:\Users\aggel\AppData\Local\Programs\MiKTeX\tex/latex/amsfonts\amssymb.sty
Package: amssymb 2013/01/14 v3.01 AMS font symbols

(C:\Users\aggel\AppData\Local\Programs\MiKTeX\tex/latex/amsfonts\amsfonts.sty
Package: amsfonts 2013/01/14 v3.01 Basic AMSFonts support
\symAMSa=\mathgroup4
\symAMSb=\mathgroup5
LaTeX Font Info:    Redeclaring math symbol \hbar on input line 98.
LaTeX Font Info:    Overwriting math alphabet `\mathfrak' in version `bold'
(Font)                  U/euf/m/n --> U/euf/b/n on input line 106.
)) (C:\Users\aggel\AppData\Local\Programs\MiKTeX\tex/latex/graphics\graphicx.st
y
Package: graphicx 2024/12/31 v1.2e Enhanced LaTeX Graphics (DPC,SPQR)

(C:\Users\aggel\AppData\Local\Programs\MiKTeX\tex/latex/graphics\graphics.sty
Package: graphics 2024/08/06 v1.4g Standard LaTeX Graphics (DPC,SPQR)

(C:\Users\aggel\AppData\Local\Programs\MiKTeX\tex/latex/graphics\trig.sty
Package: trig 2023/12/02 v1.11 sin cos tan (DPC)
)
(C:\Users\aggel\AppData\Local\Programs\MiKTeX\tex/latex/graphics-cfg\graphics.c
fg
File: graphics.cfg 2016/06/04 v1.11 sample graphics configuration
)
Package graphics Info: Driver file: xetex.def on input line 106.

(C:\Users\aggel\AppData\Local\Programs\MiKTeX\tex/latex/graphics-def\xetex.def
File: xetex.def 2025/11/01 v5.0p Graphics/color driver for xetex
))
\Gin@req@height=\dimen169
\Gin@req@width=\dimen170
)
(C:\Users\aggel\AppData\Local\Programs\MiKTeX\tex/latex/adjustbox\adjustbox.sty
Package: adjustbox 2025/02/26 v1.3c Adjusting TeX boxes (trim, clip, ...)
(C:\Users\aggel\AppData\Local\Programs\MiKTeX\tex/latex/xkeyval\xkeyval.sty
Package: xkeyval 2022/06/16 v2.9 package option processing (HA)

(C:\Users\aggel\AppData\Local\Programs\MiKTeX\tex/generic/xkeyval\xkeyval.tex
(C:\Users\aggel\AppData\Local\Programs\MiKTeX\tex/generic/xkeyval\xkvutils.tex
\XKV@toks=\toks24
\XKV@tempa@toks=\toks25
)
\XKV@depth=\count312
File: xkeyval.tex 2014/12/03 v2.7a key=value parser (HA)
))
(C:\Users\aggel\AppData\Local\Programs\MiKTeX\tex/latex/adjustbox\adjcalc.sty
Package: adjcalc 2012/05/16 v1.1 Provides advanced setlength with multiple back
-ends (calc, etex, pgfmath)
)
(C:\Users\aggel\AppData\Local\Programs\MiKTeX\tex/latex/adjustbox\trimclip.sty
Package: trimclip 2025/02/21 v1.2a Trim and clip general TeX material

(C:\Users\aggel\AppData\Local\Programs\MiKTeX\tex/latex/collectbox\collectbox.s
ty
Package: collectbox 2022/10/17 v0.4c Collect macro arguments as boxes
\collectedbox=\box55
)
\tc@llx=\dimen171
\tc@lly=\dimen172
\tc@urx=\dimen173
\tc@ury=\dimen174
Package trimclip Info: Using driver 'tc-xetex.def'.

(C:\Users\aggel\AppData\Local\Programs\MiKTeX\tex/latex/adjustbox\tc-xetex.def
File: tc-xetex.def 2019/01/04 v2.2 Clipping driver for xetex
))
\adjbox@Width=\dimen175
\adjbox@Height=\dimen176
\adjbox@Depth=\dimen177
\adjbox@Totalheight=\dimen178
\adjbox@pwidth=\dimen179
\adjbox@pheight=\dimen180
\adjbox@pdepth=\dimen181
\adjbox@ptotalheight=\dimen182

(C:\Users\aggel\AppData\Local\Programs\MiKTeX\tex/latex/ifoddpage\ifoddpage.sty
Package: ifoddpage 2022/10/18 v1.2 Conditionals for odd/even page detection
\c@checkoddpage=\count313
) (C:\Users\aggel\AppData\Local\Programs\MiKTeX\tex/latex/varwidth\varwidth.sty
Package: varwidth 2009/03/30 ver 0.92;  Variable-width minipages
\@vwid@box=\box56
\sift@deathcycles=\count314
\@vwid@loff=\dimen183
\@vwid@roff=\dimen184
)
==> First Aid for varwidth.sty applied!
) (C:\Users\aggel\AppData\Local\Programs\MiKTeX\tex/latex/float\float.sty
Package: float 2001/11/08 v1.3d Float enhancements (AL)
\c@float@type=\count315
\float@exts=\toks26
\float@box=\box57
\@float@everytoks=\toks27
\@floatcapt=\box58
)
(C:\Users\aggel\AppData\Local\Programs\MiKTeX\tex/latex/caption\subcaption.sty
Package: subcaption 2023/07/28 v1.6b Sub-captions (AR)

(C:\Users\aggel\AppData\Local\Programs\MiKTeX\tex/latex/caption\caption.sty
Package: caption 2023/08/05 v3.6o Customizing captions (AR)

(C:\Users\aggel\AppData\Local\Programs\MiKTeX\tex/latex/caption\caption3.sty
Package: caption3 2023/07/31 v2.4d caption3 kernel (AR)
\caption@tempdima=\dimen185
\captionmargin=\dimen186
\caption@leftmargin=\dimen187
\caption@rightmargin=\dimen188
\caption@width=\dimen189
\caption@indent=\dimen190
\caption@parindent=\dimen191
\caption@hangindent=\dimen192
Package caption Info: Standard document class detected.
)
\c@caption@flags=\count316
\c@continuedfloat=\count317
Package caption Info: float package is loaded.
)
Package caption Info: New subtype `subfigure' on input line 238.
\c@subfigure=\count318
Package caption Info: New subtype `subtable' on input line 238.
\c@subtable=\count319
) (C:\Users\aggel\AppData\Local\Programs\MiKTeX\tex/latex/placeins\placeins.sty
Package: placeins 2005/04/18  v 2.2
) (C:\Users\aggel\AppData\Local\Programs\MiKTeX\tex/latex/booktabs\booktabs.sty
Package: booktabs 2020/01/12 v1.61803398 Publication quality tables
\heavyrulewidth=\dimen193
\lightrulewidth=\dimen194
\cmidrulewidth=\dimen195
\belowrulesep=\dimen196
\belowbottomsep=\dimen197
\aboverulesep=\dimen198
\abovetopsep=\dimen199
\cmidrulesep=\dimen256
\cmidrulekern=\dimen257
\defaultaddspace=\dimen258
\@cmidla=\count320
\@cmidlb=\count321
\@aboverulesep=\dimen259
\@belowrulesep=\dimen260
\@thisruleclass=\count322
\@lastruleclass=\count323
\@thisrulewidth=\dimen261
) (C:\Users\aggel\AppData\Local\Programs\MiKTeX\tex/latex/tools\longtable.sty
Package: longtable 2025-10-13 v4.24 Multi-page Table package (DPC)
\LTleft=\skip54
\LTright=\skip55
\LTpre=\skip56
\LTpost=\skip57
\LTchunksize=\count324
\LTcapwidth=\dimen262
\LT@head=\box59
\LT@firsthead=\box60
\LT@foot=\box61
\LT@lastfoot=\box62
\LT@gbox=\box63
\LT@cols=\count325
\LT@rows=\count326
\c@LT@tables=\count327
\c@LT@chunks=\count328
\LT@p@ftn=\toks28
)
(C:\Users\aggel\AppData\Local\Programs\MiKTeX\tex/latex/multirow\multirow.sty
Package: multirow 2024/11/12 v2.9 Span multiple rows of a table
\multirow@colwidth=\skip58
\multirow@cntb=\count329
\multirow@dima=\skip59
\bigstrutjot=\dimen263
)
(C:\Users\aggel\AppData\Local\Programs\MiKTeX\tex/latex/tools\array.sty
Package: array 2025/09/25 v2.6n Tabular extension package (FMi)
\col@sep=\dimen264
\ar@mcellbox=\box64
\extrarowheight=\dimen265
\NC@list=\toks29
\extratabsurround=\skip60
\backup@length=\skip61
\ar@cellbox=\box65
)
(C:\Users\aggel\AppData\Local\Programs\MiKTeX\tex/latex/tools\tabularx.sty
Package: tabularx 2023/12/11 v2.12a `tabularx' package (DPC)
\TX@col@width=\dimen266
\TX@old@table=\dimen267
\TX@old@col=\dimen268
\TX@target=\dimen269
\TX@delta=\dimen270
\TX@cols=\count330
\TX@ftn=\toks30
)
(C:\Users\aggel\AppData\Local\Programs\MiKTeX\tex/latex/makecell\makecell.sty
Package: makecell 2009/08/03 V0.1e Managing of Tab Column Heads and Cells
\rotheadsize=\dimen271
\c@nlinenum=\count331
\TeXr@lab=\toks31
)
(C:\Users\aggel\AppData\Local\Programs\MiKTeX\tex/latex/xcolor\xcolor.sty
Package: xcolor 2024/09/29 v3.02 LaTeX color extensions (UK)

(C:\Users\aggel\AppData\Local\Programs\MiKTeX\tex/latex/graphics-cfg\color.cfg
File: color.cfg 2016/01/02 v1.6 sample color configuration
)
Package xcolor Info: Driver file: xetex.def on input line 274.
(C:\Users\aggel\AppData\Local\Programs\MiKTeX\tex/latex/graphics\mathcolor.ltx)
Package xcolor Info: Model `cmy' substituted by `cmy0' on input line 1349.
Package xcolor Info: Model `RGB' extended on input line 1365.
Package xcolor Info: Model `HTML' substituted by `rgb' on input line 1367.
Package xcolor Info: Model `Hsb' substituted by `hsb' on input line 1368.
Package xcolor Info: Model `tHsb' substituted by `hsb' on input line 1369.
Package xcolor Info: Model `HSB' substituted by `hsb' on input line 1370.
Package xcolor Info: Model `Gray' substituted by `gray' on input line 1371.
Package xcolor Info: Model `wave' substituted by `hsb' on input line 1372.
) (C:\Users\aggel\AppData\Local\Programs\MiKTeX\tex/latex/colortbl\colortbl.sty
Package: colortbl 2024/10/29 v1.0k Color table columns (DPC)
\everycr=\toks32
\minrowclearance=\skip62
\rownum=\count332
)
(C:\Users\aggel\AppData\Local\Programs\MiKTeX\tex/latex/pdflscape\pdflscape.sty
Package: pdflscape 2022-10-27 v0.13 Display of landscape pages in PDF

(C:\Users\aggel\AppData\Local\Programs\MiKTeX\tex/latex/pdflscape\pdflscape-nom
etadata.sty
Package: pdflscape-nometadata 2022-10-28 v0.13 Display of landscape pages in PD
F (HO)

(C:\Users\aggel\AppData\Local\Programs\MiKTeX\tex/latex/graphics\lscape.sty
Package: lscape 2020/05/28 v3.02 Landscape Pages (DPC)
)
Package pdflscape Info: Auto-detected driver: dvipdfm (xetex) on input line 98.

))
(C:\Users\aggel\AppData\Local\Programs\MiKTeX\tex/latex/hyperref\hyperref.sty
Package: hyperref 2026-01-29 v7.01p Hypertext links for LaTeX

(C:\Users\aggel\AppData\Local\Programs\MiKTeX\tex/latex/kvsetkeys\kvsetkeys.sty
Package: kvsetkeys 2022-10-05 v1.19 Key value parser (HO)
)
(C:\Users\aggel\AppData\Local\Programs\MiKTeX\tex/generic/kvdefinekeys\kvdefine
keys.sty
Package: kvdefinekeys 2019-12-19 v1.6 Define keys (HO)
)
(C:\Users\aggel\AppData\Local\Programs\MiKTeX\tex/generic/pdfescape\pdfescape.s
ty
Package: pdfescape 2019/12/09 v1.15 Implements pdfTeX's escape features (HO)

(C:\Users\aggel\AppData\Local\Programs\MiKTeX\tex/generic/ltxcmds\ltxcmds.sty
Package: ltxcmds 2023-12-04 v1.26 LaTeX kernel commands for general use (HO)
)
(C:\Users\aggel\AppData\Local\Programs\MiKTeX\tex/generic/pdftexcmds\pdftexcmds
.sty
Package: pdftexcmds 2020-06-27 v0.33 Utility functions of pdfTeX for LuaTeX (HO
)

(C:\Users\aggel\AppData\Local\Programs\MiKTeX\tex/generic/infwarerr\infwarerr.s
ty
Package: infwarerr 2019/12/03 v1.5 Providing info/warning/error messages (HO)
)
Package pdftexcmds Info: \pdf@primitive is available.
Package pdftexcmds Info: \pdf@ifprimitive is available.
Package pdftexcmds Info: \pdfdraftmode not found.
))
(C:\Users\aggel\AppData\Local\Programs\MiKTeX\tex/latex/hycolor\hycolor.sty
Package: hycolor 2020-01-27 v1.10 Color options for hyperref/bookmark (HO)
)
(C:\Users\aggel\AppData\Local\Programs\MiKTeX\tex/latex/hyperref\nameref.sty
Package: nameref 2026-01-29 v2.58 Cross-referencing by name of section

(C:\Users\aggel\AppData\Local\Programs\MiKTeX\tex/latex/refcount\refcount.sty
Package: refcount 2019/12/15 v3.6 Data extraction from label references (HO)
)
(C:\Users\aggel\AppData\Local\Programs\MiKTeX\tex/generic/gettitlestring\gettit
lestring.sty
Package: gettitlestring 2019/12/15 v1.6 Cleanup title references (HO)

(C:\Users\aggel\AppData\Local\Programs\MiKTeX\tex/latex/kvoptions\kvoptions.sty
Package: kvoptions 2022-06-15 v3.15 Key value format for package options (HO)
))
\c@section@level=\count333
)
(C:\Users\aggel\AppData\Local\Programs\MiKTeX\tex/generic/stringenc\stringenc.s
ty
Package: stringenc 2019/11/29 v1.12 Convert strings between diff. encodings (HO
)
)
\@linkdim=\dimen272
\Hy@linkcounter=\count334
\Hy@pagecounter=\count335
 (C:\Users\aggel\AppData\Local\Programs\MiKTeX\tex/latex/hyperref\pd1enc.def
File: pd1enc.def 2026-01-29 v7.01p Hyperref: PDFDocEncoding definition (HO)
) (C:\Users\aggel\AppData\Local\Programs\MiKTeX\tex/generic/intcalc\intcalc.sty
Package: intcalc 2019/12/15 v1.3 Expandable calculations with integers (HO)
)
\Hy@SavedSpaceFactor=\count336
 (C:\Users\aggel\AppData\Local\Programs\MiKTeX\tex/latex/hyperref\puenc.def
File: puenc.def 2026-01-29 v7.01p Hyperref: PDF Unicode definition (HO)
)
Package hyperref Info: Option `breaklinks' set `true' on input line 4072.
Package hyperref Info: Hyper figures OFF on input line 4201.
Package hyperref Info: Link nesting OFF on input line 4206.
Package hyperref Info: Hyper index ON on input line 4209.
Package hyperref Info: Plain pages OFF on input line 4216.
Package hyperref Info: Backreferencing OFF on input line 4221.
Package hyperref Info: Implicit mode ON; LaTeX internals redefined.
Package hyperref Info: Bookmarks ON on input line 4468.
\c@Hy@tempcnt=\count337

(C:\Users\aggel\AppData\Local\Programs\MiKTeX\tex/latex/url\url.sty
\Urlmuskip=\muskip18
Package: url 2013/09/16  ver 3.4  Verb mode for urls, etc.
)
LaTeX Info: Redefining \url on input line 4807.
\XeTeXLinkMargin=\dimen273

(C:\Users\aggel\AppData\Local\Programs\MiKTeX\tex/generic/bitset\bitset.sty
Package: bitset 2019/12/09 v1.3 Handle bit-vector datatype (HO)

(C:\Users\aggel\AppData\Local\Programs\MiKTeX\tex/generic/bigintcalc\bigintcalc
.sty
Package: bigintcalc 2019/12/15 v1.5 Expandable calculations on big integers (HO
)
))
\Fld@menulength=\count338
\Field@Width=\dimen274
\Fld@charsize=\dimen275
Package hyperref Info: Hyper figures OFF on input line 6084.
Package hyperref Info: Link nesting OFF on input line 6089.
Package hyperref Info: Hyper index ON on input line 6092.
Package hyperref Info: backreferencing OFF on input line 6099.
Package hyperref Info: Link coloring OFF on input line 6104.
Package hyperref Info: Link coloring with OCG OFF on input line 6109.
Package hyperref Info: PDF/A mode OFF on input line 6114.
\Hy@abspage=\count339
\c@Item=\count340
\c@Hfootnote=\count341
)
Package hyperref Info: Driver (autodetected): hxetex.

(C:\Users\aggel\AppData\Local\Programs\MiKTeX\tex/latex/hyperref\hxetex.def
File: hxetex.def 2026-01-29 v7.01p Hyperref driver for XeTeX
\pdfm@box=\box66
\c@Hy@AnnotLevel=\count342
\HyField@AnnotCount=\count343
\Fld@listcount=\count344
\c@bookmark@seq@number=\count345

(C:\Users\aggel\AppData\Local\Programs\MiKTeX\tex/latex/rerunfilecheck\rerunfil
echeck.sty
Package: rerunfilecheck 2025-06-21 v1.11 Rerun checks for auxiliary files (HO)

(C:\Users\aggel\AppData\Local\Programs\MiKTeX\tex/generic/uniquecounter\uniquec
ounter.sty
Package: uniquecounter 2019/12/15 v1.4 Provide unlimited unique counter (HO)
)
Package uniquecounter Info: New unique counter `rerunfilecheck' on input line 2
84.
)
\Hy@SectionHShift=\skip63
)
(C:\Users\aggel\AppData\Local\Programs\MiKTeX\tex/latex/natbib\natbib.sty
Package: natbib 2010/09/13 8.31b (PWD, AO)
\bibhang=\skip64
\bibsep=\skip65
LaTeX Info: Redefining \cite on input line 694.
\c@NAT@ctr=\count346
)

Package fontspec Info: 
(fontspec)             Font family 'Calibri(0)' created for font 'Calibri'
(fontspec)             with options [Ligatures=TeX,Script=Greek].
(fontspec)              
(fontspec)              This font family consists of the following NFSS
(fontspec)             series/shapes:
(fontspec)              
(fontspec)             - 'normal' (m/n) with NFSS spec.:
(fontspec)             <->"Calibri/OT:script=grek;language=dflt;mapping=tex-tex
t;"
(fontspec)             - 'small caps'  (m/sc) with NFSS spec.:
(fontspec)             <->"Calibri/OT:script=grek;language=dflt;+smcp;mapping=t
ex-text;"
(fontspec)             - 'bold' (b/n) with NFSS spec.:
(fontspec)             <->"Calibri/B/OT:script=grek;language=dflt;mapping=tex-t
ext;"
(fontspec)             - 'bold small caps'  (b/sc) with NFSS spec.:
(fontspec)             <->"Calibri/B/OT:script=grek;language=dflt;+smcp;mapping
=tex-text;"
(fontspec)             - 'italic' (m/it) with NFSS spec.:
(fontspec)             <->"Calibri/I/OT:script=grek;language=dflt;mapping=tex-t
ext;"
(fontspec)             - 'italic small caps'  (m/scit) with NFSS spec.:
(fontspec)             <->"Calibri/I/OT:script=grek;language=dflt;+smcp;mapping
=tex-text;"
(fontspec)             - 'bold italic' (b/it) with NFSS spec.:
(fontspec)             <->"Calibri/BI/OT:script=grek;language=dflt;mapping=tex-
text;"
(fontspec)             - 'bold italic small caps'  (b/scit) with NFSS spec.:
(fontspec)             <->"Calibri/BI/OT:script=grek;language=dflt;+smcp;mappin
g=tex-text;"


Package fontspec Info: 
(fontspec)             Font family 'Calibri(1)' created for font 'Calibri'
(fontspec)             with options [Script=Greek].
(fontspec)              
(fontspec)              This font family consists of the following NFSS
(fontspec)             series/shapes:
(fontspec)              
(fontspec)             - 'normal' (m/n) with NFSS spec.:
(fontspec)             <->"Calibri/OT:script=grek;language=dflt;"
(fontspec)             - 'small caps'  (m/sc) with NFSS spec.:
(fontspec)             <->"Calibri/OT:script=grek;language=dflt;+smcp;"
(fontspec)             - 'bold' (b/n) with NFSS spec.:
(fontspec)             <->"Calibri/B/OT:script=grek;language=dflt;"
(fontspec)             - 'bold small caps'  (b/sc) with NFSS spec.:
(fontspec)             <->"Calibri/B/OT:script=grek;language=dflt;+smcp;"
(fontspec)             - 'italic' (m/it) with NFSS spec.:
(fontspec)             <->"Calibri/I/OT:script=grek;language=dflt;"
(fontspec)             - 'italic small caps'  (m/scit) with NFSS spec.:
(fontspec)             <->"Calibri/I/OT:script=grek;language=dflt;+smcp;"
(fontspec)             - 'bold italic' (b/it) with NFSS spec.:
(fontspec)             <->"Calibri/BI/OT:script=grek;language=dflt;"
(fontspec)             - 'bold italic small caps'  (b/scit) with NFSS spec.:
(fontspec)             <->"Calibri/BI/OT:script=grek;language=dflt;+smcp;"


Package fontspec Info: 
(fontspec)             Script 'Greek' not explicitly supported within font
(fontspec)             'Courier New'. Check the typeset output, and if it is
(fontspec)             okay then ignore this warning. Otherwise a different
(fontspec)             font should be chosen.


Package fontspec Info: 
(fontspec)             Font family 'CourierNew(0)' created for font 'Courier
(fontspec)             New' with options [Script=Greek].
(fontspec)              
(fontspec)              This font family consists of the following NFSS
(fontspec)             series/shapes:
(fontspec)              
(fontspec)             - 'normal' (m/n) with NFSS spec.: <->"Courier
(fontspec)             New/OT:script=grek;language=dflt;"
(fontspec)             - 'bold' (b/n) with NFSS spec.: <->"Courier
(fontspec)             New/B/OT:script=grek;language=dflt;"
(fontspec)             - 'italic' (m/it) with NFSS spec.: <->"Courier
(fontspec)             New/I/OT:script=grek;language=dflt;"
(fontspec)             - 'bold italic' (b/it) with NFSS spec.: <->"Courier
(fontspec)             New/BI/OT:script=grek;language=dflt;"


(C:\Users\aggel\AppData\Local\Programs\MiKTeX\tex/latex/microtype\microtype.sty
Package: microtype 2025/07/09 v3.2b Micro-typographical refinements (RS)
\MT@toks=\toks33
\MT@tempbox=\box67
\MT@count=\count347
LaTeX Info: Redefining \noprotrusionifhmode on input line 1087.
LaTeX Info: Redefining \leftprotrusion on input line 1088.
\MT@prot@toks=\toks34
LaTeX Info: Redefining \rightprotrusion on input line 1107.
LaTeX Info: Redefining \textls on input line 1449.
\MT@outer@kern=\dimen276
LaTeX Info: Redefining \microtypecontext on input line 2053.
LaTeX Info: Redefining \textmicrotypecontext on input line 2070.
\MT@listname@count=\count348

(C:\Users\aggel\AppData\Local\Programs\MiKTeX\tex/latex/microtype\microtype-xet
ex.def
File: microtype-xetex.def 2025/07/09 v3.2b Definitions specific to xetex (RS)
LaTeX Info: Redefining \lsstyle on input line 443.
LaTeX Info: Redefining \lslig on input line 451.
\MT@outer@space=\skip66
)
Package microtype Info: Loading configuration file microtype.cfg.

(C:\Users\aggel\AppData\Local\Programs\MiKTeX\tex/latex/microtype\microtype.cfg
File: microtype.cfg 2025/07/09 v3.2b microtype main configuration file (RS)
)
LaTeX Info: Redefining \microtypesetup on input line 3065.
)
(C:\Users\aggel\AppData\Local\Programs\MiKTeX\tex/latex/pdfpages\pdfpages.sty
Package: pdfpages 2025/07/23 v0.6g Insert pages of external PDF documents (AM)

(C:\Users\aggel\AppData\Local\Programs\MiKTeX\tex/latex/base\ifthen.sty
Package: ifthen 2024/03/16 v1.1e Standard LaTeX ifthen package (DPC)
)
(C:\Users\aggel\AppData\Local\Programs\MiKTeX\tex/latex/tools\calc.sty
Package: calc 2025/03/01 v4.3b Infix arithmetic (KKT,FJ)
\calc@Acount=\count349
\calc@Bcount=\count350
\calc@Adimen=\dimen277
\calc@Bdimen=\dimen278
\calc@Askip=\skip67
\calc@Bskip=\skip68
LaTeX Info: Redefining \setlength on input line 86.
LaTeX Info: Redefining \addtolength on input line 87.
\calc@Ccount=\count351
\calc@Cskip=\skip69
)
(C:\Users\aggel\AppData\Local\Programs\MiKTeX\tex/latex/eso-pic\eso-pic.sty
Package: eso-pic 2025/12/10 v3.0d eso-pic (RN)
\ESO@tempdima=\dimen279
\ESO@tempdimb=\dimen280
)
\AM@pagewidth=\dimen281
\AM@pageheight=\dimen282
\AM@fboxrule=\dimen283

(C:\Users\aggel\AppData\Local\Programs\MiKTeX\tex/latex/pdfpages\ppxetex.def
File: ppxetex.def 2025/07/23 v0.6g Pdfpages driver for XeTeX (AM)
)
\pdfpages@includegraphics@status=\count352
\AM@pagebox=\box68
\AM@global@opts=\toks35
\AM@pagecnt=\count353
\AM@toc@title=\toks36
\AM@lof@heading=\toks37
\c@AM@survey=\count354
\AM@templatesizebox=\box69
)
(C:\Users\aggel\AppData\Local\Programs\MiKTeX\tex/latex/eurosym\eurosym.sty
Package: eurosym 1998/08/06 v1.1 European currency symbol ``Euro''
\@eurobox=\box70
)
(C:\Users\aggel\AppData\Local\Programs\MiKTeX\tex/latex/pgf/frontendlayer\tikz.
sty
(C:\Users\aggel\AppData\Local\Programs\MiKTeX\tex/latex/pgf/basiclayer\pgf.sty
(C:\Users\aggel\AppData\Local\Programs\MiKTeX\tex/latex/pgf/utilities\pgfrcs.st
y
(C:\Users\aggel\AppData\Local\Programs\MiKTeX\tex/generic/pgf/utilities\pgfutil
-common.tex
\pgfutil@everybye=\toks38
\pgfutil@tempdima=\dimen284
\pgfutil@tempdimb=\dimen285
)
(C:\Users\aggel\AppData\Local\Programs\MiKTeX\tex/generic/pgf/utilities\pgfutil
-latex.def
\pgfutil@abb=\box71
)
(C:\Users\aggel\AppData\Local\Programs\MiKTeX\tex/generic/pgf/utilities\pgfrcs.
code.tex
(C:\Users\aggel\AppData\Local\Programs\MiKTeX\tex/generic/pgf\pgf.revision.tex)
Package: pgfrcs 2025-08-29 v3.1.11a (3.1.11a)
))
Package: pgf 2025-08-29 v3.1.11a (3.1.11a)

(C:\Users\aggel\AppData\Local\Programs\MiKTeX\tex/latex/pgf/basiclayer\pgfcore.
sty
(C:\Users\aggel\AppData\Local\Programs\MiKTeX\tex/latex/pgf/systemlayer\pgfsys.
sty
(C:\Users\aggel\AppData\Local\Programs\MiKTeX\tex/generic/pgf/systemlayer\pgfsy
s.code.tex
Package: pgfsys 2025-08-29 v3.1.11a (3.1.11a)

(C:\Users\aggel\AppData\Local\Programs\MiKTeX\tex/generic/pgf/utilities\pgfkeys
.code.tex
\pgfkeys@pathtoks=\toks39
\pgfkeys@temptoks=\toks40

(C:\Users\aggel\AppData\Local\Programs\MiKTeX\tex/generic/pgf/utilities\pgfkeys
libraryfiltered.code.tex
\pgfkeys@tmptoks=\toks41
))
\pgf@x=\dimen286
\pgf@y=\dimen287
\pgf@xa=\dimen288
\pgf@ya=\dimen289
\pgf@xb=\dimen290
\pgf@yb=\dimen291
\pgf@xc=\dimen292
\pgf@yc=\dimen293
\pgf@xd=\dimen294
\pgf@yd=\dimen295
\w@pgf@writea=\write3
\r@pgf@reada=\read2
\c@pgf@counta=\count355
\c@pgf@countb=\count356
\c@pgf@countc=\count357
\c@pgf@countd=\count358
\t@pgf@toka=\toks42
\t@pgf@tokb=\toks43
\t@pgf@tokc=\toks44
\pgf@sys@id@count=\count359

(C:\Users\aggel\AppData\Local\Programs\MiKTeX\tex/generic/pgf/systemlayer\pgf.c
fg
File: pgf.cfg 2025-08-29 v3.1.11a (3.1.11a)
)
Driver file for pgf: pgfsys-xetex.def

(C:\Users\aggel\AppData\Local\Programs\MiKTeX\tex/generic/pgf/systemlayer\pgfsy
s-xetex.def
File: pgfsys-xetex.def 2025-08-29 v3.1.11a (3.1.11a)

(C:\Users\aggel\AppData\Local\Programs\MiKTeX\tex/generic/pgf/systemlayer\pgfsy
s-dvipdfmx.def
File: pgfsys-dvipdfmx.def 2025-08-29 v3.1.11a (3.1.11a)

(C:\Users\aggel\AppData\Local\Programs\MiKTeX\tex/generic/pgf/systemlayer\pgfsy
s-common-pdf.def
File: pgfsys-common-pdf.def 2025-08-29 v3.1.11a (3.1.11a)
)
\pgfsys@objnum=\count360
)))
(C:\Users\aggel\AppData\Local\Programs\MiKTeX\tex/generic/pgf/systemlayer\pgfsy
ssoftpath.code.tex
File: pgfsyssoftpath.code.tex 2025-08-29 v3.1.11a (3.1.11a)
\pgfsyssoftpath@smallbuffer@items=\count361
\pgfsyssoftpath@bigbuffer@items=\count362
)
(C:\Users\aggel\AppData\Local\Programs\MiKTeX\tex/generic/pgf/systemlayer\pgfsy
sprotocol.code.tex
File: pgfsysprotocol.code.tex 2025-08-29 v3.1.11a (3.1.11a)
))
(C:\Users\aggel\AppData\Local\Programs\MiKTeX\tex/generic/pgf/basiclayer\pgfcor
e.code.tex
Package: pgfcore 2025-08-29 v3.1.11a (3.1.11a)

(C:\Users\aggel\AppData\Local\Programs\MiKTeX\tex/generic/pgf/math\pgfmath.code
.tex
(C:\Users\aggel\AppData\Local\Programs\MiKTeX\tex/generic/pgf/math\pgfmathutil.
code.tex)
(C:\Users\aggel\AppData\Local\Programs\MiKTeX\tex/generic/pgf/math\pgfmathparse
r.code.tex
\pgfmath@dimen=\dimen296
\pgfmath@count=\count363
\pgfmath@box=\box72
\pgfmath@toks=\toks45
\pgfmath@stack@operand=\toks46
\pgfmath@stack@operation=\toks47
)
(C:\Users\aggel\AppData\Local\Programs\MiKTeX\tex/generic/pgf/math\pgfmathfunct
ions.code.tex)
(C:\Users\aggel\AppData\Local\Programs\MiKTeX\tex/generic/pgf/math\pgfmathfunct
ions.basic.code.tex)
(C:\Users\aggel\AppData\Local\Programs\MiKTeX\tex/generic/pgf/math\pgfmathfunct
ions.trigonometric.code.tex)
(C:\Users\aggel\AppData\Local\Programs\MiKTeX\tex/generic/pgf/math\pgfmathfunct
ions.random.code.tex)
(C:\Users\aggel\AppData\Local\Programs\MiKTeX\tex/generic/pgf/math\pgfmathfunct
ions.comparison.code.tex)
(C:\Users\aggel\AppData\Local\Programs\MiKTeX\tex/generic/pgf/math\pgfmathfunct
ions.base.code.tex)
(C:\Users\aggel\AppData\Local\Programs\MiKTeX\tex/generic/pgf/math\pgfmathfunct
ions.round.code.tex)
(C:\Users\aggel\AppData\Local\Programs\MiKTeX\tex/generic/pgf/math\pgfmathfunct
ions.misc.code.tex)
(C:\Users\aggel\AppData\Local\Programs\MiKTeX\tex/generic/pgf/math\pgfmathfunct
ions.integerarithmetics.code.tex)
(C:\Users\aggel\AppData\Local\Programs\MiKTeX\tex/generic/pgf/math\pgfmathcalc.
code.tex)
(C:\Users\aggel\AppData\Local\Programs\MiKTeX\tex/generic/pgf/math\pgfmathfloat
.code.tex
\c@pgfmathroundto@lastzeros=\count364
))
(C:\Users\aggel\AppData\Local\Programs\MiKTeX\tex/generic/pgf/math\pgfint.code.
tex)
(C:\Users\aggel\AppData\Local\Programs\MiKTeX\tex/generic/pgf/basiclayer\pgfcor
epoints.code.tex
File: pgfcorepoints.code.tex 2025-08-29 v3.1.11a (3.1.11a)
\pgf@picminx=\dimen297
\pgf@picmaxx=\dimen298
\pgf@picminy=\dimen299
\pgf@picmaxy=\dimen300
\pgf@pathminx=\dimen301
\pgf@pathmaxx=\dimen302
\pgf@pathminy=\dimen303
\pgf@pathmaxy=\dimen304
\pgf@xx=\dimen305
\pgf@xy=\dimen306
\pgf@yx=\dimen307
\pgf@yy=\dimen308
\pgf@zx=\dimen309
\pgf@zy=\dimen310
)
(C:\Users\aggel\AppData\Local\Programs\MiKTeX\tex/generic/pgf/basiclayer\pgfcor
epathconstruct.code.tex
File: pgfcorepathconstruct.code.tex 2025-08-29 v3.1.11a (3.1.11a)
\pgf@path@lastx=\dimen311
\pgf@path@lasty=\dimen312
)
(C:\Users\aggel\AppData\Local\Programs\MiKTeX\tex/generic/pgf/basiclayer\pgfcor
epathusage.code.tex
File: pgfcorepathusage.code.tex 2025-08-29 v3.1.11a (3.1.11a)
\pgf@shorten@end@additional=\dimen313
\pgf@shorten@start@additional=\dimen314
)
(C:\Users\aggel\AppData\Local\Programs\MiKTeX\tex/generic/pgf/basiclayer\pgfcor
escopes.code.tex
File: pgfcorescopes.code.tex 2025-08-29 v3.1.11a (3.1.11a)
\pgfpic=\box73
\pgf@hbox=\box74
\pgf@layerbox@main=\box75
\pgf@picture@serial@count=\count365
)
(C:\Users\aggel\AppData\Local\Programs\MiKTeX\tex/generic/pgf/basiclayer\pgfcor
egraphicstate.code.tex
File: pgfcoregraphicstate.code.tex 2025-08-29 v3.1.11a (3.1.11a)
\pgflinewidth=\dimen315
)
(C:\Users\aggel\AppData\Local\Programs\MiKTeX\tex/generic/pgf/basiclayer\pgfcor
etransformations.code.tex
File: pgfcoretransformations.code.tex 2025-08-29 v3.1.11a (3.1.11a)
\pgf@pt@x=\dimen316
\pgf@pt@y=\dimen317
\pgf@pt@temp=\dimen318
)
(C:\Users\aggel\AppData\Local\Programs\MiKTeX\tex/generic/pgf/basiclayer\pgfcor
equick.code.tex
File: pgfcorequick.code.tex 2025-08-29 v3.1.11a (3.1.11a)
)
(C:\Users\aggel\AppData\Local\Programs\MiKTeX\tex/generic/pgf/basiclayer\pgfcor
eobjects.code.tex
File: pgfcoreobjects.code.tex 2025-08-29 v3.1.11a (3.1.11a)
)
(C:\Users\aggel\AppData\Local\Programs\MiKTeX\tex/generic/pgf/basiclayer\pgfcor
epathprocessing.code.tex
File: pgfcorepathprocessing.code.tex 2025-08-29 v3.1.11a (3.1.11a)
)
(C:\Users\aggel\AppData\Local\Programs\MiKTeX\tex/generic/pgf/basiclayer\pgfcor
earrows.code.tex
File: pgfcorearrows.code.tex 2025-08-29 v3.1.11a (3.1.11a)
\pgfarrowsep=\dimen319
)
(C:\Users\aggel\AppData\Local\Programs\MiKTeX\tex/generic/pgf/basiclayer\pgfcor
eshade.code.tex
File: pgfcoreshade.code.tex 2025-08-29 v3.1.11a (3.1.11a)
\pgf@max=\dimen320
\pgf@sys@shading@range@num=\count366
\pgf@shadingcount=\count367
)
(C:\Users\aggel\AppData\Local\Programs\MiKTeX\tex/generic/pgf/basiclayer\pgfcor
eimage.code.tex
File: pgfcoreimage.code.tex 2025-08-29 v3.1.11a (3.1.11a)
)
(C:\Users\aggel\AppData\Local\Programs\MiKTeX\tex/generic/pgf/basiclayer\pgfcor
eexternal.code.tex
File: pgfcoreexternal.code.tex 2025-08-29 v3.1.11a (3.1.11a)
\pgfexternal@startupbox=\box76
)
(C:\Users\aggel\AppData\Local\Programs\MiKTeX\tex/generic/pgf/basiclayer\pgfcor
elayers.code.tex
File: pgfcorelayers.code.tex 2025-08-29 v3.1.11a (3.1.11a)
)
(C:\Users\aggel\AppData\Local\Programs\MiKTeX\tex/generic/pgf/basiclayer\pgfcor
etransparency.code.tex
File: pgfcoretransparency.code.tex 2025-08-29 v3.1.11a (3.1.11a)
)
(C:\Users\aggel\AppData\Local\Programs\MiKTeX\tex/generic/pgf/basiclayer\pgfcor
epatterns.code.tex
File: pgfcorepatterns.code.tex 2025-08-29 v3.1.11a (3.1.11a)
)
(C:\Users\aggel\AppData\Local\Programs\MiKTeX\tex/generic/pgf/basiclayer\pgfcor
erdf.code.tex
File: pgfcorerdf.code.tex 2025-08-29 v3.1.11a (3.1.11a)
)))
(C:\Users\aggel\AppData\Local\Programs\MiKTeX\tex/generic/pgf/modules\pgfmodule
shapes.code.tex
File: pgfmoduleshapes.code.tex 2025-08-29 v3.1.11a (3.1.11a)
\pgfnodeparttextbox=\box77
)
(C:\Users\aggel\AppData\Local\Programs\MiKTeX\tex/generic/pgf/modules\pgfmodule
plot.code.tex
File: pgfmoduleplot.code.tex 2025-08-29 v3.1.11a (3.1.11a)
)
(C:\Users\aggel\AppData\Local\Programs\MiKTeX\tex/latex/pgf/compatibility\pgfco
mp-version-0-65.sty
Package: pgfcomp-version-0-65 2025-08-29 v3.1.11a (3.1.11a)
\pgf@nodesepstart=\dimen321
\pgf@nodesepend=\dimen322
)
(C:\Users\aggel\AppData\Local\Programs\MiKTeX\tex/latex/pgf/compatibility\pgfco
mp-version-1-18.sty
Package: pgfcomp-version-1-18 2025-08-29 v3.1.11a (3.1.11a)
))
(C:\Users\aggel\AppData\Local\Programs\MiKTeX\tex/latex/pgf/utilities\pgffor.st
y
(C:\Users\aggel\AppData\Local\Programs\MiKTeX\tex/latex/pgf/utilities\pgfkeys.s
ty
(C:\Users\aggel\AppData\Local\Programs\MiKTeX\tex/generic/pgf/utilities\pgfkeys
.code.tex))
(C:\Users\aggel\AppData\Local\Programs\MiKTeX\tex/latex/pgf/math\pgfmath.sty
(C:\Users\aggel\AppData\Local\Programs\MiKTeX\tex/generic/pgf/math\pgfmath.code
.tex))
(C:\Users\aggel\AppData\Local\Programs\MiKTeX\tex/generic/pgf/utilities\pgffor.
code.tex
Package: pgffor 2025-08-29 v3.1.11a (3.1.11a)
\pgffor@iter=\dimen323
\pgffor@skip=\dimen324
\pgffor@stack=\toks48
\pgffor@toks=\toks49
))
(C:\Users\aggel\AppData\Local\Programs\MiKTeX\tex/generic/pgf/frontendlayer/tik
z\tikz.code.tex
Package: tikz 2025-08-29 v3.1.11a (3.1.11a)

(C:\Users\aggel\AppData\Local\Programs\MiKTeX\tex/generic/pgf/libraries\pgflibr
aryplothandlers.code.tex
File: pgflibraryplothandlers.code.tex 2025-08-29 v3.1.11a (3.1.11a)
\pgf@plot@mark@count=\count368
\pgfplotmarksize=\dimen325
)
\tikz@lastx=\dimen326
\tikz@lasty=\dimen327
\tikz@lastxsaved=\dimen328
\tikz@lastysaved=\dimen329
\tikz@lastmovetox=\dimen330
\tikz@lastmovetoy=\dimen331
\tikzleveldistance=\dimen332
\tikzsiblingdistance=\dimen333
\tikz@figbox=\box78
\tikz@figbox@bg=\box79
\tikz@tempbox=\box80
\tikz@tempbox@bg=\box81
\tikztreelevel=\count369
\tikznumberofchildren=\count370
\tikznumberofcurrentchild=\count371
\tikz@fig@count=\count372

(C:\Users\aggel\AppData\Local\Programs\MiKTeX\tex/generic/pgf/modules\pgfmodule
matrix.code.tex
File: pgfmodulematrix.code.tex 2025-08-29 v3.1.11a (3.1.11a)
\pgfmatrixcurrentrow=\count373
\pgfmatrixcurrentcolumn=\count374
\pgf@matrix@numberofcolumns=\count375
)
\tikz@expandcount=\count376

(C:\Users\aggel\AppData\Local\Programs\MiKTeX\tex/generic/pgf/frontendlayer/tik
z/libraries\tikzlibrarytopaths.code.tex
File: tikzlibrarytopaths.code.tex 2025-08-29 v3.1.11a (3.1.11a)
)))
(C:\Users\aggel\AppData\Local\Programs\MiKTeX\tex/latex/pgfplots\pgfplots.sty
(C:\Users\aggel\AppData\Local\Programs\MiKTeX\tex/generic/pgfplots\pgfplots.rev
ision.tex)
Package: pgfplots 2021/05/15 v1.18.1 Data Visualization (1.18.1)

(C:\Users\aggel\AppData\Local\Programs\MiKTeX\tex/generic/pgfplots\pgfplots.cod
e.tex
(C:\Users\aggel\AppData\Local\Programs\MiKTeX\tex/generic/pgfplots\pgfplotscore
.code.tex
\t@pgfplots@toka=\toks50
\t@pgfplots@tokb=\toks51
\t@pgfplots@tokc=\toks52
\pgfplots@tmpa=\dimen334
\c@pgfplots@coordindex=\count377
\c@pgfplots@scanlineindex=\count378

(C:\Users\aggel\AppData\Local\Programs\MiKTeX\tex/generic/pgfplots/sys\pgfplots
sysgeneric.code.tex))
(C:\Users\aggel\AppData\Local\Programs\MiKTeX\tex/generic/pgfplots/libs\pgfplot
slibrary.code.tex)
(C:\Users\aggel\AppData\Local\Programs\MiKTeX\tex/generic/pgfplots/oldpgfcompat
ib\pgfplotsoldpgfsupp_loader.code.tex
(C:\Users\aggel\AppData\Local\Programs\MiKTeX\tex/generic/pgf/libraries\pgflibr
aryfpu.code.tex)
Package pgfplots: loading complementary utilities for your pgf version...
\t@pgf@toka=\toks53
\t@pgf@tokb=\toks54
\t@pgf@tokc=\toks55

(C:\Users\aggel\AppData\Local\Programs\MiKTeX\tex/generic/pgfplots/oldpgfcompat
ib\pgfplotsoldpgfsupp_pgfutil-common-lists.tex))
(C:\Users\aggel\AppData\Local\Programs\MiKTeX\tex/generic/pgfplots/util\pgfplot
sutil.code.tex
(C:\Users\aggel\AppData\Local\Programs\MiKTeX\tex/generic/pgfplots/liststructur
e\pgfplotsliststructure.code.tex)
(C:\Users\aggel\AppData\Local\Programs\MiKTeX\tex/generic/pgfplots/liststructur
e\pgfplotsliststructureext.code.tex)
(C:\Users\aggel\AppData\Local\Programs\MiKTeX\tex/generic/pgfplots/liststructur
e\pgfplotsarray.code.tex
\c@pgfplotsarray@tmp=\count379
)
(C:\Users\aggel\AppData\Local\Programs\MiKTeX\tex/generic/pgfplots/liststructur
e\pgfplotsmatrix.code.tex)
(C:\Users\aggel\AppData\Local\Programs\MiKTeX\tex/generic/pgfplots/numtable\pgf
plotstableshared.code.tex
\c@pgfplotstable@counta=\count380
\t@pgfplotstable@a=\toks56
)
(C:\Users\aggel\AppData\Local\Programs\MiKTeX\tex/generic/pgfplots/liststructur
e\pgfplotsdeque.code.tex)
(C:\Users\aggel\AppData\Local\Programs\MiKTeX\tex/generic/pgfplots/util\pgfplot
sbinary.code.tex
(C:\Users\aggel\AppData\Local\Programs\MiKTeX\tex/generic/pgfplots/util\pgfplot
sbinary.data.code.tex))
(C:\Users\aggel\AppData\Local\Programs\MiKTeX\tex/generic/pgfplots/util\pgfplot
sutil.verb.code.tex)
(C:\Users\aggel\AppData\Local\Programs\MiKTeX\tex/generic/pgfplots/libs\pgflibr
arypgfplots.surfshading.code.tex
\c@pgfplotslibrarysurf@no=\count381

(C:\Users\aggel\AppData\Local\Programs\MiKTeX\tex/generic/pgfplots/sys\pgflibra
rypgfplots.surfshading.pgfsys-xetex.def
(C:\Users\aggel\AppData\Local\Programs\MiKTeX\tex/generic/pgfplots/sys\pgflibra
rypgfplots.surfshading.pgfsys-dvipdfmx.def
\c@pgfplotslibrarysurf@streamlen=\count382
))))
(C:\Users\aggel\AppData\Local\Programs\MiKTeX\tex/generic/pgfplots/util\pgfplot
scolormap.code.tex
(C:\Users\aggel\AppData\Local\Programs\MiKTeX\tex/generic/pgfplots/util\pgfplot
scolor.code.tex))
(C:\Users\aggel\AppData\Local\Programs\MiKTeX\tex/generic/pgfplots\pgfplotsstac
kedplots.code.tex)
(C:\Users\aggel\AppData\Local\Programs\MiKTeX\tex/generic/pgfplots\pgfplotsplot
handlers.code.tex
(C:\Users\aggel\AppData\Local\Programs\MiKTeX\tex/generic/pgfplots\pgfplotsmesh
plothandler.code.tex
(C:\Users\aggel\AppData\Local\Programs\MiKTeX\tex/generic/pgfplots\pgfplotsmesh
plotimage.code.tex)))
(C:\Users\aggel\AppData\Local\Programs\MiKTeX\tex/generic/pgfplots\pgfplots.sca
ling.code.tex)
(C:\Users\aggel\AppData\Local\Programs\MiKTeX\tex/generic/pgfplots\pgfplotscoor
dprocessing.code.tex)
(C:\Users\aggel\AppData\Local\Programs\MiKTeX\tex/generic/pgfplots\pgfplots.err
orbars.code.tex)
(C:\Users\aggel\AppData\Local\Programs\MiKTeX\tex/generic/pgfplots\pgfplots.mar
kers.code.tex)
(C:\Users\aggel\AppData\Local\Programs\MiKTeX\tex/generic/pgfplots\pgfplotstick
s.code.tex)
(C:\Users\aggel\AppData\Local\Programs\MiKTeX\tex/generic/pgfplots\pgfplots.pat
hs.code.tex)
(C:\Users\aggel\AppData\Local\Programs\MiKTeX\tex/generic/pgf/frontendlayer/tik
z/libraries\tikzlibrarydecorations.code.tex
(C:\Users\aggel\AppData\Local\Programs\MiKTeX\tex/generic/pgf/modules\pgfmodule
decorations.code.tex
\pgfdecoratedcompleteddistance=\dimen335
\pgfdecoratedremainingdistance=\dimen336
\pgfdecoratedinputsegmentcompleteddistance=\dimen337
\pgfdecoratedinputsegmentremainingdistance=\dimen338
\pgf@decorate@distancetomove=\dimen339
\pgf@decorate@repeatstate=\count383
\pgfdecorationsegmentamplitude=\dimen340
\pgfdecorationsegmentlength=\dimen341
)
\tikz@lib@dec@box=\box82
)
(C:\Users\aggel\AppData\Local\Programs\MiKTeX\tex/generic/pgf/frontendlayer/tik
z/libraries\tikzlibrarydecorations.pathmorphing.code.tex
(C:\Users\aggel\AppData\Local\Programs\MiKTeX\tex/generic/pgf/libraries/decorat
ions\pgflibrarydecorations.pathmorphing.code.tex))
(C:\Users\aggel\AppData\Local\Programs\MiKTeX\tex/generic/pgf/frontendlayer/tik
z/libraries\tikzlibrarydecorations.pathreplacing.code.tex
(C:\Users\aggel\AppData\Local\Programs\MiKTeX\tex/generic/pgf/libraries/decorat
ions\pgflibrarydecorations.pathreplacing.code.tex))
(C:\Users\aggel\AppData\Local\Programs\MiKTeX\tex/generic/pgfplots/libs\tikzlib
rarypgfplots.contourlua.code.tex)
\pgfplots@numplots=\count384
\pgfplots@xmin@reg=\dimen342
\pgfplots@xmax@reg=\dimen343
\pgfplots@ymin@reg=\dimen344
\pgfplots@ymax@reg=\dimen345
\pgfplots@zmin@reg=\dimen346
\pgfplots@zmax@reg=\dimen347
)
(C:\Users\aggel\AppData\Local\Programs\MiKTeX\tex/generic/pgf/frontendlayer/tik
z/libraries\tikzlibraryplotmarks.code.tex
File: tikzlibraryplotmarks.code.tex 2025-08-29 v3.1.11a (3.1.11a)

(C:\Users\aggel\AppData\Local\Programs\MiKTeX\tex/generic/pgf/libraries\pgflibr
aryplotmarks.code.tex
File: pgflibraryplotmarks.code.tex 2025-08-29 v3.1.11a (3.1.11a)
)))
(C:\Users\aggel\AppData\Local\Programs\MiKTeX\tex/generic/pgf/libraries\pgflibr
aryarrows.meta.code.tex
File: pgflibraryarrows.meta.code.tex 2025-08-29 v3.1.11a (3.1.11a)
\pgfarrowinset=\dimen348
\pgfarrowlength=\dimen349
\pgfarrowwidth=\dimen350
\pgfarrowlinewidth=\dimen351
)
(C:\Users\aggel\AppData\Local\Programs\MiKTeX\tex/generic/pgf/frontendlayer/tik
z/libraries\tikzlibrarypositioning.code.tex
File: tikzlibrarypositioning.code.tex 2025-08-29 v3.1.11a (3.1.11a)
)
(C:\Users\aggel\AppData\Local\Programs\MiKTeX\tex/generic/pgf/frontendlayer/tik
z/libraries\tikzlibraryshapes.geometric.code.tex
File: tikzlibraryshapes.geometric.code.tex 2025-08-29 v3.1.11a (3.1.11a)

(C:\Users\aggel\AppData\Local\Programs\MiKTeX\tex/generic/pgf/libraries/shapes\
pgflibraryshapes.geometric.code.tex
File: pgflibraryshapes.geometric.code.tex 2025-08-29 v3.1.11a (3.1.11a)
))
(C:\Users\aggel\AppData\Local\Programs\MiKTeX\tex/generic/pgf/frontendlayer/tik
z/libraries\tikzlibrarycalc.code.tex
File: tikzlibrarycalc.code.tex 2025-08-29 v3.1.11a (3.1.11a)
)
(C:\Users\aggel\AppData\Local\Programs\MiKTeX\tex/generic/pgf/frontendlayer/tik
z/libraries\tikzlibrarybackgrounds.code.tex
File: tikzlibrarybackgrounds.code.tex 2025-08-29 v3.1.11a (3.1.11a)
\pgf@layerbox@background=\box83
\pgf@layerboxsaved@background=\box84
)
(C:\Users\aggel\AppData\Local\Programs\MiKTeX\tex/generic/pgf/frontendlayer/tik
z/libraries\tikzlibraryfit.code.tex
File: tikzlibraryfit.code.tex 2025-08-29 v3.1.11a (3.1.11a)
)
(C:\Users\aggel\AppData\Local\Programs\MiKTeX\tex/latex/listings\listings.sty
\lst@mode=\count385
\lst@gtempboxa=\box85
\lst@token=\toks57
\lst@length=\count386
\lst@currlwidth=\dimen352
\lst@column=\count387
\lst@pos=\count388
\lst@lostspace=\dimen353
\lst@width=\dimen354
\lst@newlines=\count389
\lst@lineno=\count390
\lst@maxwidth=\dimen355

(C:\Users\aggel\AppData\Local\Programs\MiKTeX\tex/latex/listings\lstpatch.sty
File: lstpatch.sty 2025/11/14 1.11b (Carsten Heinz)
)
(C:\Users\aggel\AppData\Local\Programs\MiKTeX\tex/latex/listings\lstmisc.sty
File: lstmisc.sty 2025/11/14 1.11b (Carsten Heinz)
\c@lstnumber=\count391
\lst@skipnumbers=\count392
\lst@framebox=\box86
)
(C:\Users\aggel\AppData\Local\Programs\MiKTeX\tex/latex/listings\listings.cfg
File: listings.cfg 2025/11/14 1.11b listings configuration
))
Package: listings 2025/11/14 1.11b (Carsten Heinz)
==> First Aid for listings.sty no longer applied!
    Expected:
        2024/09/23 1.10c (Carsten Heinz)
    but found:
        2025/11/14 1.11b (Carsten Heinz)
    so I'm assuming it got fixed.
(C:\Users\aggel\AppData\Local\Programs\MiKTeX\tex/latex/enumitem\enumitem.sty
Package: enumitem 2025/02/06 v3.11 Customized lists
\labelindent=\skip70
\enit@outerparindent=\dimen356
\enit@toks=\toks58
\enit@inbox=\box87
\enit@count@id=\count393
\enitdp@description=\count394
)
(C:\Users\aggel\AppData\Local\Programs\MiKTeX\tex/latex/tcolorbox\tcolorbox.sty
Package: tcolorbox 2025/11/28 version 6.9.0 text color boxes
(C:\Users\aggel\AppData\Local\Programs\MiKTeX\tex/latex/tools\verbatim.sty
Package: verbatim 2024-01-22 v1.5x LaTeX2e package for verbatim enhancements
\every@verbatim=\toks59
\verbatim@line=\toks60
\verbatim@in@stream=\read3
)
(C:\Users\aggel\AppData\Local\Programs\MiKTeX\tex/latex/environ\environ.sty
Package: environ 2014/05/04 v0.3 A new way to define environments

(C:\Users\aggel\AppData\Local\Programs\MiKTeX\tex/latex/trimspaces\trimspaces.s
ty
Package: trimspaces 2009/09/17 v1.1 Trim spaces around a token list
))
\tcb@titlebox=\box88
\tcb@upperbox=\box89
\tcb@lowerbox=\box90
\tcb@phantombox=\box91
\c@tcbbreakpart=\count395
\c@tcblayer=\count396
\c@tcolorbox@number=\count397
\l__tcobox_tmpa_box=\box92
\l__tcobox_tmpa_dim=\dimen357
\tcb@temp=\box93
\tcb@temp=\box94
\tcb@temp=\box95
\tcb@temp=\box96

(C:\Users\aggel\AppData\Local\Programs\MiKTeX\tex/latex/tcolorbox\tcbraster.cod
e.tex
Library (tcolorbox): 'tcbraster.code.tex' version '6.9.0'
\c@tcbrastercolumn=\count398
\c@tcbrasterrow=\count399
\c@tcbrasternum=\count400
\c@tcbraster=\count401
)
(C:\Users\aggel\AppData\Local\Programs\MiKTeX\tex/latex/tcolorbox\tcbskins.code
.tex
Library (tcolorbox): 'tcbskins.code.tex' version '6.9.0'

(C:\Users\aggel\AppData\Local\Programs\MiKTeX\tex/latex/tikzfill\tikzfill.image
.sty
Package: tikzfill.image 2026/04/23 v1.2.0 Image filling library for TikZ

(C:\Users\aggel\AppData\Local\Programs\MiKTeX\tex/latex/tikzfill\tikzlibraryfil
l.image.code.tex
File: tikzlibraryfill.image.code.tex 2026/04/23 v1.2.0 Image filling library
\l__tikzfill_tmpa_dim=\dimen358
\l__tikzfill_tmpb_dim=\dimen359
\l__tikzfill_img_box=\box97
))
(C:\Users\aggel\AppData\Local\Programs\MiKTeX\tex/latex/tcolorbox\tcbskinsjigsa
w.code.tex
Library (tcolorbox): 'tcbskinsjigsaw.code.tex' version '6.9.0'
))
(C:\Users\aggel\AppData\Local\Programs\MiKTeX\tex/latex/tcolorbox\tcbbreakable.
code.tex
Library (tcolorbox): 'tcbbreakable.code.tex' version '6.9.0'
(C:\Users\aggel\AppData\Local\Programs\MiKTeX\tex/latex/pdfcol\pdfcol.sty
Package: pdfcol 2022-09-21 v1.7 Handle new color stacks for pdfTeX (HO)
Package pdfcol Info: Interface disabled because of missing PDF mode of pdfTeX.
)
Package pdfcol Info: pdfTeX's color stacks are not available.
\tcb@testbox=\box98
\tcb@totalupperbox=\box99
\tcb@totallowerbox=\box100
)
(C:\Users\aggel\AppData\Local\Programs\MiKTeX\tex/latex/tcolorbox\tcbhooks.code
.tex
Library (tcolorbox): 'tcbhooks.code.tex' version '6.9.0'
)
(C:\Users\aggel\AppData\Local\Programs\MiKTeX\tex/latex/tcolorbox\tcbtheorems.c
ode.tex
Library (tcolorbox): 'tcbtheorems.code.tex' version '6.9.0'
)
(C:\Users\aggel\AppData\Local\Programs\MiKTeX\tex/latex/tcolorbox\tcbfitting.co
de.tex
Library (tcolorbox): 'tcbfitting.code.tex' version '6.9.0'
\tcbfitdim=\dimen360
\tcb@lowerfitdim=\dimen361
\tcb@upperfitdim=\dimen362
\tcb@cur@hbadness=\count402
)
(C:\Users\aggel\AppData\Local\Programs\MiKTeX\tex/latex/tcolorbox\tcblistingsut
f8.code.tex
Library (tcolorbox): 'tcblistingsutf8.code.tex' version '6.9.0'

(C:\Users\aggel\AppData\Local\Programs\MiKTeX\tex/latex/tcolorbox\tcblistings.c
ode.tex
Library (tcolorbox): 'tcblistings.code.tex' version '6.9.0'

(C:\Users\aggel\AppData\Local\Programs\MiKTeX\tex/latex/tcolorbox\tcblistingsco
re.code.tex
Library (tcolorbox): 'tcblistingscore.code.tex' version '6.9.0'

(C:\Users\aggel\AppData\Local\Programs\MiKTeX\tex/latex/tcolorbox\tcbprocessing
.code.tex
Library (tcolorbox): 'tcbprocessing.code.tex' version '6.9.0'
)
\c@tcblisting=\count403
))
Package tcolorbox Info: Library `listingsutf8' is compatible with pdftex only. 
Library `listings` is loaded instead. on input line 29.
)
(C:\Users\aggel\AppData\Local\Programs\MiKTeX\tex/latex/tcolorbox\tcbexternal.c
ode.tex
Library (tcolorbox): 'tcbexternal.code.tex' version '6.9.0'
)
(C:\Users\aggel\AppData\Local\Programs\MiKTeX\tex/latex/tcolorbox\tcbmagazine.c
ode.tex
Library (tcolorbox): 'tcbmagazine.code.tex' version '6.9.0'
)
(C:\Users\aggel\AppData\Local\Programs\MiKTeX\tex/latex/tcolorbox\tcbvignette.c
ode.tex
Library (tcolorbox): 'tcbvignette.code.tex' version '6.9.0'

(C:\Users\aggel\AppData\Local\Programs\MiKTeX\tex/generic/pgf/frontendlayer/tik
z/libraries\tikzlibraryfadings.code.tex
File: tikzlibraryfadings.code.tex 2025-08-29 v3.1.11a (3.1.11a)

(C:\Users\aggel\AppData\Local\Programs\MiKTeX\tex/generic/pgf/libraries\pgflibr
aryfadings.code.tex
File: pgflibraryfadings.code.tex 2025-08-29 v3.1.11a (3.1.11a)
)))
(C:\Users\aggel\AppData\Local\Programs\MiKTeX\tex/latex/tcolorbox\tcbposter.cod
e.tex
Library (tcolorbox): 'tcbposter.code.tex' version '6.9.0'
))
(C:\Users\aggel\AppData\Local\Programs\MiKTeX\tex/latex/glossaries/base\glossar
ies.sty
Package: glossaries 2025/11/09 v4.9 (NLCT)

(C:\Users\aggel\AppData\Local\Programs\MiKTeX\tex/latex/mfirstuc\mfirstuc.sty
Package: mfirstuc 2025/04/03 v2.09 (NLCT)
\@glsmfirst=\toks61
\@glsmrest=\toks62
)
(C:\Users\aggel\AppData\Local\Programs\MiKTeX\tex/latex/xfor\xfor.sty
Package: xfor 2009/02/05 v1.05 (NLCT)
)
(C:\Users\aggel\AppData\Local\Programs\MiKTeX\tex/latex/tracklang\tracklang.sty
Package: tracklang 2025/03/11 v1.6.6 (NLCT) Track Languages

(C:\Users\aggel\AppData\Local\Programs\MiKTeX\tex/generic/tracklang\tracklang.t
ex)
Package tracklang Info: Found polyglossia BCP `en-US' on input line 264.
Package tracklang Info: Tracking dialect `american' (language `english') on inp
ut line 264.
Package tracklang Info: Tracking dialect `elmonoton' (language `greek') on inpu
t line 264.
)
(C:\Users\aggel\AppData\Local\Programs\MiKTeX\tex/latex/glossaries-english\glos
saries-english.ldf
File: glossaries-english.ldf 2014/11/23 v1.0
)

Package glossaries Warning: No language module detected for `elmonoton'.
(glossaries)                Language modules need to be installed separately.
(glossaries)                Please check on CTAN for a bundle called
(glossaries)                `glossaries-greek' or similar.


(C:\Users\aggel\AppData\Local\Programs\MiKTeX\tex/latex/datatool\datatool-base.
sty
Package: datatool-base 2025/12/04 v3.4.3 (NLCT)
\l__datatool_tmpa_int=\count404
\l__datatool_tmpb_int=\count405
\l__datatool_tmpc_int=\count406
\l__datatool_tmpd_int=\count407
\l__datatool_count_int=\count408
\l__datatool_tmp_datatype_int=\count409
\l__datatool_tmpa_dim=\dimen363
\l__datatool_tmpb_dim=\dimen364

(C:\Users\aggel\AppData\Local\Programs\MiKTeX\tex/latex/datatool\datatool-l3fp.
def
File: datatool-l3fp.def 2025/12/04 v3.4.3 (NLCT)
)
\@dtl@toks=\toks63
\@dtl@tmpcount=\count410
\dtl@tmplength=\skip71
\l__datatool_measure_box=\box101
\dtl@sortresult=\count411

(C:\Users\aggel\AppData\Local\Programs\MiKTeX\tex/latex/datatool\datatool-utf8.
ldf
File: datatool-utf8.ldf 2025/12/04 v3.4.3 (NLCT)
)
\@dtl@datatype=\count412
\c_datatool_unknown_int=\count413
\l__datatool_year_int=\count414
\l__datatool_month_int=\count415
\l__datatool_day_int=\count416
\l__datatool_hour_int=\count417
\l__datatool_minute_int=\count418
\l__datatool_second_int=\count419
\l__datatool_tzhour_int=\count420
\l__datatool_tzminute_int=\count421
\l__datatool_julian_int=\count422
\l__datatool_local_julian_int=\count423
\l__datatool_prefix_int=\count424
\l__datatool_suffix_int=\count425
\@dtl@foreach@level=\count426


Package tracklang Warning: No `datatool' support for dialect `american'  on inp
ut line 9924.


Package tracklang Warning: No `datatool' support for dialect `american'  on inp
ut line 9924.


Package tracklang Warning: No `datatool' support for dialect `elmonoton'  on in
put line 9924.

\dtl@codeA=\count427
\dtl@codeB=\count428
)
\gls@level=\count429
\@gls@tmpb=\toks64
\gls@tmplen=\skip72
\l__glossaries_tmpa_dim=\dimen365
\l__glossaries_tmpb_dim=\dimen366
\glskeylisttok=\toks65
\glslabeltok=\toks66
\glsshorttok=\toks67
\glslongtok=\toks68

(C:\Users\aggel\AppData\Local\Programs\MiKTeX\tex/latex/glossaries/styles\gloss
ary-hypernav.sty
Package: glossary-hypernav 2025/11/09 v4.9 (NLCT)
)
(C:\Users\aggel\AppData\Local\Programs\MiKTeX\tex/latex/glossaries/styles\gloss
ary-list.sty
Package: glossary-list 2025/11/09 v4.9 (NLCT)
\glslistdottedwidth=\skip73
)
(C:\Users\aggel\AppData\Local\Programs\MiKTeX\tex/latex/glossaries/styles\gloss
ary-long.sty
Package: glossary-long 2025/11/09 v4.9 (NLCT)
\glsdescwidth=\skip74
\glspagelistwidth=\skip75
)
(C:\Users\aggel\AppData\Local\Programs\MiKTeX\tex/latex/glossaries/styles\gloss
ary-super.sty
Package: glossary-super 2025/11/09 v4.9 (NLCT)

(C:\Users\aggel\AppData\Local\Programs\MiKTeX\tex/latex/supertabular\supertabul
ar.sty
Package: supertabular 2025/06/26 v4.2d the supertabular environment
\c@tracingst=\count430
\ST@wd=\dimen367
\ST@rightskip=\skip76
\ST@leftskip=\skip77
\ST@parfillskip=\skip78
\ST@pageleft=\dimen368
\ST@headht=\dimen369
\ST@tailht=\dimen370
\ST@pagesofar=\dimen371
\ST@pboxht=\dimen372
\ST@rowht=\dimen373
\ST@prevht=\dimen374
\ST@toadd=\dimen375
\ST@dimen=\dimen376
\ST@pbox=\box102
))
(C:\Users\aggel\AppData\Local\Programs\MiKTeX\tex/latex/glossaries/styles\gloss
ary-tree.sty
Package: glossary-tree 2025/11/09 v4.9 (NLCT)
\l__glossaries_tree_max_known_level_int=\count431
\l__glossaries_tree_offset_dim=\dimen377
\l__glossaries_tree_namewidth_dim=\dimen378
\l__glossaries_tree_symbolwidth_dim=\dimen379
\l__glossaries_tree_prenamesym_width_dim=\dimen380
\l__glossaries_tree_presubnamesym_width_dim=\dimen381
\l__glossaries_tree_namewidth_padding_dim=\dimen382
\l__glossaries_tree_symbolwidth_padding_dim=\dimen383
\l__glossaries_tree_namesymbolwidth_dim=\dimen384
\l__glossaries_tree_namesymbolwidth_padding_dim=\dimen385
\l__glossaries_tree_level_int=\count432
\glstreeindent=\skip79
))
\glswrite=\write4
\glo@main@file=\write5
\openout5 = `main.glo'.

Package glossaries Info: Writing glossary file main.glo on input line 104.
\glo@acronym@file=\write6
\openout6 = `main.acn'.

Package glossaries Info: Writing glossary file main.acn on input line 104.

(C:\Users\aggel\AppData\Local\Programs\MiKTeX\tex/latex/titlesec\titlesec.sty
Package: titlesec 2025/01/04 v2.17 Sectioning titles
\ttl@box=\box103
\beforetitleunit=\skip80
\aftertitleunit=\skip81
\ttl@plus=\dimen386
\ttl@minus=\dimen387
\ttl@toksa=\toks69
\titlewidth=\dimen388
\titlewidthlast=\dimen389
\titlewidthfirst=\dimen390
)
(C:\Users\aggel\AppData\Local\Programs\MiKTeX\tex/latex/fancyhdr\fancyhdr.sty
Package: fancyhdr 2025/02/07 v5.2 Extensive control of page headers and footers

\f@nch@headwidth=\skip82
\f@nch@offset@elh=\skip83
\f@nch@offset@erh=\skip84
\f@nch@offset@olh=\skip85
\f@nch@offset@orh=\skip86
\f@nch@offset@elf=\skip87
\f@nch@offset@erf=\skip88
\f@nch@offset@olf=\skip89
\f@nch@offset@orf=\skip90
\f@nch@height=\skip91
\f@nch@footalignment=\skip92
\f@nch@widthL=\skip93
\f@nch@widthC=\skip94
\f@nch@widthR=\skip95
\@temptokenb=\toks70
)

Package fancyhdr Warning: \fancyhead's `E' option without twoside option is use
less.
(fancyhdr)                Please consider using the `twoside' option on input l
ine 121.


Package fancyhdr Warning: \fancyhead's `E' option without twoside option is use
less.
(fancyhdr)                Please consider using the `twoside' option on input l
ine 122.

(main.aux)
\openout1 = `main.aux'.

LaTeX Font Info:    Checking defaults for OML/cmm/m/it on input line 211.
LaTeX Font Info:    ... okay on input line 211.
LaTeX Font Info:    Checking defaults for OMS/cmsy/m/n on input line 211.
LaTeX Font Info:    ... okay on input line 211.
LaTeX Font Info:    Checking defaults for OT1/cmr/m/n on input line 211.
LaTeX Font Info:    ... okay on input line 211.
LaTeX Font Info:    Checking defaults for T1/cmr/m/n on input line 211.
LaTeX Font Info:    ... okay on input line 211.
LaTeX Font Info:    Checking defaults for TS1/cmr/m/n on input line 211.
LaTeX Font Info:    ... okay on input line 211.
LaTeX Font Info:    Checking defaults for TU/lmr/m/n on input line 211.
LaTeX Font Info:    ... okay on input line 211.
LaTeX Font Info:    Checking defaults for OMX/cmex/m/n on input line 211.
LaTeX Font Info:    ... okay on input line 211.
LaTeX Font Info:    Checking defaults for U/cmr/m/n on input line 211.
LaTeX Font Info:    ... okay on input line 211.
LaTeX Font Info:    Checking defaults for PD1/pdf/m/n on input line 211.
LaTeX Font Info:    ... okay on input line 211.
LaTeX Font Info:    Checking defaults for PU/pdf/m/n on input line 211.
LaTeX Font Info:    ... okay on input line 211.

Package fontspec Info: 
(fontspec)             Adjusting the maths setup (use [no-math] to avoid
(fontspec)             this).

\symlegacymaths=\mathgroup6
LaTeX Font Info:    Overwriting symbol font `legacymaths' in version `bold'
(Font)                  OT1/cmr/m/n --> OT1/cmr/bx/n on input line 211.
LaTeX Font Info:    Redeclaring math accent \acute on input line 211.
LaTeX Font Info:    Redeclaring math accent \grave on input line 211.
LaTeX Font Info:    Redeclaring math accent \ddot on input line 211.
LaTeX Font Info:    Redeclaring math accent \tilde on input line 211.
LaTeX Font Info:    Redeclaring math accent \bar on input line 211.
LaTeX Font Info:    Redeclaring math accent \breve on input line 211.
LaTeX Font Info:    Redeclaring math accent \check on input line 211.
LaTeX Font Info:    Redeclaring math accent \hat on input line 211.
LaTeX Font Info:    Redeclaring math accent \dot on input line 211.
LaTeX Font Info:    Redeclaring math accent \mathring on input line 211.
LaTeX Font Info:    Redeclaring math symbol \Gamma on input line 211.
LaTeX Font Info:    Redeclaring math symbol \Delta on input line 211.
LaTeX Font Info:    Redeclaring math symbol \Theta on input line 211.
LaTeX Font Info:    Redeclaring math symbol \Lambda on input line 211.
LaTeX Font Info:    Redeclaring math symbol \Xi on input line 211.
LaTeX Font Info:    Redeclaring math symbol \Pi on input line 211.
LaTeX Font Info:    Redeclaring math symbol \Sigma on input line 211.
LaTeX Font Info:    Redeclaring math symbol \Upsilon on input line 211.
LaTeX Font Info:    Redeclaring math symbol \Phi on input line 211.
LaTeX Font Info:    Redeclaring math symbol \Psi on input line 211.
LaTeX Font Info:    Redeclaring math symbol \Omega on input line 211.
LaTeX Font Info:    Redeclaring math symbol \mathdollar on input line 211.
LaTeX Font Info:    Redeclaring symbol font `operators' on input line 211.
LaTeX Font Info:    Encoding `OT1' has changed to `TU' for symbol font
(Font)              `operators' in the math version `normal' on input line 211.

LaTeX Font Info:    Overwriting symbol font `operators' in version `normal'
(Font)                  OT1/cmr/m/n --> TU/Calibri(0)/m/n on input line 211.
LaTeX Font Info:    Encoding `OT1' has changed to `TU' for symbol font
(Font)              `operators' in the math version `bold' on input line 211.
LaTeX Font Info:    Overwriting symbol font `operators' in version `bold'
(Font)                  OT1/cmr/bx/n --> TU/Calibri(0)/m/n on input line 211.
LaTeX Font Info:    Overwriting symbol font `operators' in version `normal'
(Font)                  TU/Calibri(0)/m/n --> TU/Calibri(0)/m/n on input line 2
11.
LaTeX Font Info:    Overwriting math alphabet `\mathit' in version `normal'
(Font)                  OT1/cmr/m/it --> TU/Calibri(0)/m/it on input line 211.
LaTeX Font Info:    Overwriting math alphabet `\mathbf' in version `normal'
(Font)                  OT1/cmr/bx/n --> TU/Calibri(0)/b/n on input line 211.
LaTeX Font Info:    Overwriting math alphabet `\mathsf' in version `normal'
(Font)                  OT1/cmss/m/n --> TU/lmss/m/n on input line 211.
LaTeX Font Info:    Overwriting math alphabet `\mathtt' in version `normal'
(Font)                  OT1/cmtt/m/n --> TU/lmtt/m/n on input line 211.
LaTeX Font Info:    Overwriting symbol font `operators' in version `bold'
(Font)                  TU/Calibri(0)/m/n --> TU/Calibri(0)/b/n on input line 2
11.
LaTeX Font Info:    Overwriting math alphabet `\mathit' in version `bold'
(Font)                  OT1/cmr/bx/it --> TU/Calibri(0)/b/it on input line 211.

LaTeX Font Info:    Overwriting math alphabet `\mathsf' in version `bold'
(Font)                  OT1/cmss/bx/n --> TU/lmss/b/n on input line 211.
LaTeX Font Info:    Overwriting math alphabet `\mathtt' in version `bold'
(Font)                  OT1/cmtt/m/n --> TU/lmtt/b/n on input line 211.

*geometry* driver: auto-detecting
*geometry* detected driver: xetex
*geometry* verbose mode - [ preamble ] result:
* driver: xetex
* paper: a4paper
* layout: <same size as paper>
* layoutoffset:(h,v)=(0.0pt,0.0pt)
* modes: 
* h-part:(L,W,R)=(85.35826pt, 441.01773pt, 71.13188pt)
* v-part:(T,H,B)=(71.13188pt, 702.78308pt, 71.13188pt)
* \paperwidth=597.50787pt
* \paperheight=845.04684pt
* \textwidth=441.01773pt
* \textheight=702.78308pt
* \oddsidemargin=13.08827pt
* \evensidemargin=13.08827pt
* \topmargin=-40.1381pt
* \headheight=14.0pt
* \headsep=25.0pt
* \topskip=11.0pt
* \footskip=30.0pt
* \marginparwidth=50.0pt
* \marginparsep=10.0pt
* \columnsep=10.0pt
* \skip\footins=10.0pt plus 4.0pt minus 2.0pt
* \hoffset=0.0pt
* \voffset=0.0pt
* \mag=1000
* \@twocolumnfalse
* \@twosidefalse
* \@mparswitchfalse
* \@reversemarginfalse
* (1in=72.27pt=25.4mm, 1cm=28.453pt)

Package caption Info: Begin \AtBeginDocument code.
Package caption Info: hyperref package is loaded.
Package caption Info: listings package is loaded.
Package caption Info: longtable package is loaded.
(C:\Users\aggel\AppData\Local\Programs\MiKTeX\tex/latex/caption\ltcaption.sty
Package: ltcaption 2021/01/08 v1.4c longtable captions (AR)
)
Package caption Info: supertabular package is loaded.
Package caption Info: End \AtBeginDocument code.
Package hyperref Info: Link coloring OFF on input line 211.

(main.out) (main.out)
\@outlinefile=\write7
\openout7 = `main.out'.

Package microtype Info: Patching varwidth to enable character protrusion.
\MT@vwid@leftmargin=\dimen391
\MT@vwid@rightmargin=\dimen392
LaTeX Info: Redefining \microtypecontext on input line 211.
Package microtype Info: Applying patch `item' on input line 211.
Package microtype Info: Applying patch `toc' on input line 211.
Package microtype Info: Applying patch `eqnum' on input line 211.


Package microtype Warning: Unable to apply patch `footnote' on input line 211.

Package microtype Info: Applying patch `verbatim' on input line 211.
LaTeX Info: Redefining \microtypesetup on input line 211.
Package microtype Info: Character protrusion enabled (level 2).
Package microtype Info: Using default protrusion set `alltext'.
Package microtype Info: No adjustment of tracking.
Package microtype Info: No adjustment of spacing.
Package microtype Info: No adjustment of kerning.
Package microtype Info: Loading generic protrusion settings for font family
(microtype)             `Calibri' (encoding: TU).
(microtype)             For optimal results, create family-specific settings.
(microtype)             See the microtype manual for details.
Package pgfplots notification 'compat/show suggested version=true': document ha
s been generated with the most recent feature set (\pgfplotsset{compat=1.18}).

\c@lstlisting=\count433
File: cover.pdf Graphic file (type pdf)
<use cover.pdf>
File: cover.pdf Graphic file (type pdf)
<use cover.pdf, page 1>
File: cover.pdf Graphic file (type pdf)
<use cover.pdf, page 1>
File: cover.pdf Graphic file (type pdf)
<use cover.pdf, page 1>
File: cover.pdf Graphic file (type pdf)
<use cover.pdf, page 1>
File: cover.pdf Graphic file (type pdf)
<use cover.pdf, page 1>
[1

\openout4 = `main.ist'.


]
File: cover.pdf Graphic file (type pdf)
<use cover.pdf, page 2>
File: cover.pdf Graphic file (type pdf)
<use cover.pdf, page 2>
File: cover.pdf Graphic file (type pdf)
<use cover.pdf, page 2>
 [2

]
File: cover.pdf Graphic file (type pdf)
<use cover.pdf, page 3>
File: cover.pdf Graphic file (type pdf)
<use cover.pdf, page 3>
File: cover.pdf Graphic file (type pdf)
<use cover.pdf, page 3>
 [3

]
File: cover.pdf Graphic file (type pdf)
<use cover.pdf, page 4>
File: cover.pdf Graphic file (type pdf)
<use cover.pdf, page 4>
File: cover.pdf Graphic file (type pdf)
<use cover.pdf, page 4>
 [4

]
File: cover.pdf Graphic file (type pdf)
<use cover.pdf, page 5>
File: cover.pdf Graphic file (type pdf)
<use cover.pdf, page 5>
File: cover.pdf Graphic file (type pdf)
<use cover.pdf, page 5>
 [5

]
File: cover.pdf Graphic file (type pdf)
<use cover.pdf, page 6>
File: cover.pdf Graphic file (type pdf)
<use cover.pdf, page 6>
File: cover.pdf Graphic file (type pdf)
<use cover.pdf, page 6>
 [6

]
File: cover.pdf Graphic file (type pdf)
<use cover.pdf, page 7>
File: cover.pdf Graphic file (type pdf)
<use cover.pdf, page 7>
File: cover.pdf Graphic file (type pdf)
<use cover.pdf, page 7>
 [7

] (content/acknowledgements.tex) [1]
(content/abstract-gr.tex)
Underfull \hbox (badness 1577) in paragraph at lines 13--221
\TU/Calibri(1)/m/it/10.95 Keywords\TU/Calibri(1)/m/n/10.95 : \TU/Calibri(1)/b/n
/10.95 electricity price forecasting, load forecasting, Greek Day-Ahead Market,
 machine
 []

[2] (content/abstract-eng.tex) [3] (main.toc
LaTeX Font Info:    Trying to load font information for U+msa on input line 6.

(C:\Users\aggel\AppData\Local\Programs\MiKTeX\tex/latex/amsfonts\umsa.fd
File: umsa.fd 2013/01/14 v3.01 AMS symbols A
)
(C:\Users\aggel\AppData\Local\Programs\MiKTeX\tex/latex/microtype\mt-msa.cfg
File: mt-msa.cfg 2006/02/04 v1.1 microtype config. file: AMS symbols (a) (RS)
)
LaTeX Font Info:    Trying to load font information for U+msb on input line 6.

(C:\Users\aggel\AppData\Local\Programs\MiKTeX\tex/latex/amsfonts\umsb.fd
File: umsb.fd 2013/01/14 v3.01 AMS symbols B
)
(C:\Users\aggel\AppData\Local\Programs\MiKTeX\tex/latex/microtype\mt-msb.cfg
File: mt-msb.cfg 2005/06/01 v1.0 microtype config. file: AMS symbols (b) (RS)
)
(C:\Users\aggel\AppData\Local\Programs\MiKTeX\tex/latex/microtype\mt-cmr.cfg
File: mt-cmr.cfg 2013/05/19 v2.2 microtype config. file: Computer Modern Roman 
(RS)
)
[4

]
Underfull \hbox (badness 1755) in paragraph at lines 73--73
 [][] [][]\TU/Calibri(1)/m/n/10.95 Πυκνές Ενδοημερήσιες Υστερήσεις (Dense Intra
day Lags) — Μόνο για 
 []

[5] [6])
\tf@toc=\write8
\openout8 = `main.toc'.

 [7] (main.lof [8

]
Package microtype Info: Loading generic protrusion settings for font family
(microtype)             `CourierNew' (encoding: TU).
(microtype)             For optimal results, create family-specific settings.
(microtype)             See the microtype manual for details.
 [9] [10])
\tf@lof=\write9
\openout9 = `main.lof'.

 [11] (main.lot)
\tf@lot=\write10
\openout10 = `main.lot'.

 [12

] (main.acr [13]
[14


]
Invalid UTF-8 byte or sequence at line 177 replaced by U+FFFD.
) [15] (content/introduction.tex
Κεφάλαιο 1.
[1

]
Underfull \hbox (badness 4995) in paragraph at lines 114--119
\TU/Calibri(1)/m/n/10.95 χρόνο και είναι αποκλειστικά στην αρμοδιότητα του Διαχ
ειριστή Συστήματος Μεταφοράς
 []


Underfull \hbox (badness 1478) in paragraph at lines 114--119
\TU/Calibri(1)/m/n/10.95 ([][]Transmission System Operator (TSO)[]). Στόχος της
 είναι η διατήρηση της ισορροπίας μεταξύ
 []

[2] [3]
File: ../thesis_output/xronodiagramma_agorwn.png Graphic file (type bmp)
<../thesis_output/xronodiagramma_agorwn.png>
 [4] [5]
Underfull \hbox (badness 6396) in paragraph at lines 314--319
[] []\TU/Calibri(1)/b/n/10.95 Η Σημασία της Πρόβλεψης Φορτίου[] \TU/Calibri(1)/
m/n/10.95 Η πρόβλεψη ηλεκτρικού φορτίου (Electricity Load
 []


Underfull \hbox (badness 1515) in paragraph at lines 314--319
\TU/Calibri(1)/m/n/10.95 Forecasting, [][]ELF[]) είναι ένας από τους παλαιότερο
υς και πιο καλά μελετημένους τομείς στη
 []

[6] [7] [8]) (content/literature.tex [9]
Κεφάλαιο 2.
[10

] [11]
File: ../thesis_output/fig_random_forest.png Graphic file (type bmp)
<../thesis_output/fig_random_forest.png>

Underfull \hbox (badness 1960) in paragraph at lines 190--190
[]\TU/Calibri(1)/m/n/10 Σχήμα 2.1. |Σχηματική αναπαράσταση του αλγόριθμου Rando
m Forest: $\OML/cmm/m/it/10 B$ \TU/Calibri(1)/m/n/10 δέντρα εκπαιδεύονται σε
 []

[12]
File: ../thesis_output/fig_leafwise_levelwise.png Graphic file (type bmp)
<../thesis_output/fig_leafwise_levelwise.png>
 [13]
File: ../thesis_output/fig_svr_etube.png Graphic file (type bmp)
<../thesis_output/fig_svr_etube.png>
File: ../thesis_output/fig_mlp_architecture.png Graphic file (type bmp)
<../thesis_output/fig_mlp_architecture.png>
 [14]
Underfull \hbox (badness 2799) in paragraph at lines 374--379
\TU/Calibri(1)/m/n/10.95 Η μέθοδος είναι απλή στην υλοποίηση αλλά υπόκειται σε 
συσσώρευση σφάλματος (\TU/Calibri(1)/m/it/10.95 error
 []

[15]
File: ../thesis_output/fig_multistep_strategies.png Graphic file (type bmp)
<../thesis_output/fig_multistep_strategies.png>
 [16] [17] [18]
Underfull \hbox (badness 10000) in paragraph at lines 558--559
[]|\TU/Calibri(1)/m/n/8 Ridge, Lasso, Random Forest, LSTM, Quantile
 []


Underfull \hbox (badness 5504) in paragraph at lines 567--568
[]|\TU/Calibri(1)/m/n/8 Ελλάδα (ΔΕΔΔΗΕ) & Ιταλία
 []


Underfull \hbox (badness 10000) in paragraph at lines 571--572
[]|\TU/Calibri(1)/m/it/8 Michalakopoulos et al.
 []


Underfull \hbox (badness 10000) in paragraph at lines 581--582
[]|\TU/Calibri(1)/m/it/8 Shiblee & Koukaras
 []


Underfull \hbox (badness 10000) in paragraph at lines 587--588
[]|\TU/Calibri(1)/m/n/8 Ευρώπη (Nord Pool, EPEX,
 []


Underfull \hbox (badness 1152) in paragraph at lines 613--613
[]|\TU/Calibri(1)/m/n/8 Τιμή & φορ-
 []


Package caption Warning: The option `hypcap=true' will be ignored for this
(caption)                particular \caption on input line 619.
See the caption package documentation for explanation.

[19

]) (content/data.tex
Κεφάλαιο 3.

Underfull \hbox (badness 10000) in paragraph at lines 35--36
[]|[]$[][][][][][][][][][][][] [] [][][][][][] []
 []


Underfull \hbox (badness 10000) in paragraph at lines 36--37
[]|[]$[][][][][][][][][][][][] [] [][][][][][] []
 []


Underfull \hbox (badness 6725) in paragraph at lines 37--37
[]|\TU/Calibri(1)/m/n/10 Παραγωγή ανά Τεχνολο-
 []


Underfull \hbox (badness 10000) in paragraph at lines 37--38
[]|[]$[][][][][][][][][][][][] [] [][][][][][] []
 []


Underfull \hbox (badness 10000) in paragraph at lines 40--40
[]|\TU/Calibri(1)/m/n/10 Προβλέψεις ΑΠΕ
 []


Underfull \hbox (badness 10000) in paragraph at lines 40--41
[]|[]$[][][][][][][][][][][][] [] [][][][][][] []
 []


Underfull \hbox (badness 10000) in paragraph at lines 42--42
[]|\TU/Calibri(1)/m/n/10 Πρόβλεψη Φορτίου
 []


Underfull \hbox (badness 10000) in paragraph at lines 42--42
[]|\TU/Calibri(1)/m/n/10 ΑΔΜΗΕ / proxy
 []


Underfull \hbox (badness 10000) in paragraph at lines 49--55
[]\TU/Calibri(1)/m/n/10.95 Οι ωριαίες τιμές εκκαθάρισης της αγοράς επόμενης ημέ
ρας (DAM) για τη Ζώνη Τι-
 []


Underfull \hbox (badness 10000) in paragraph at lines 49--55
\TU/Calibri(1)/m/n/10.95 μολόγησης Ελλάδας (BZN|GR) αντλούνται από την πλατφόρμ
α ENTSO-E Transparency
 []

[20


]
Overfull \hbox (10.15018pt too wide) in paragraph at lines 80--90
\TU/Calibri(1)/m/n/10.95 ENTSO-E Transparency Platform [[]]. Τα αρχεία (\TU/Cou
rierNew(0)/m/n/10.95 AGGREGATED_GENERATION_PER_TYPE_*.csv\TU/Calibri(1)/m/n/10.
95 )
 []


Underfull \hbox (badness 2435) in paragraph at lines 80--90
\TU/Calibri(1)/m/n/10.95 καλύπτουν Δεκέμβριο 2014 - Μάρτιο 2026 σε ανάλυση 15 λ
επτών. Εντός της διαδικασίας
 []


Underfull \hbox (badness 1406) in paragraph at lines 80--90
\TU/Calibri(1)/m/n/10.95 χρονική σφραγίδα, columns: τύπος τεχνολογίας, aggfunc:
 ``sum''), παράγοντας πέντε στήλες:
 []


Underfull \hbox (badness 10000) in paragraph at lines 80--90
\TU/CourierNew(0)/m/n/10.95 gen_solar\TU/Calibri(1)/m/n/10.95 , \TU/CourierNew(
0)/m/n/10.95 gen_wind\TU/Calibri(1)/m/n/10.95 , \TU/CourierNew(0)/m/n/10.95 gen
_gas\TU/Calibri(1)/m/n/10.95 , \TU/CourierNew(0)/m/n/10.95 gen_lignite\TU/Calib
ri(1)/m/n/10.95 , \TU/CourierNew(0)/m/n/10.95 gen_hydro\TU/Calibri(1)/m/n/10.95
 . Τα δεδομένα αυτά
 []


Package hyperref Warning: Token not allowed in a PDF string (Unicode):
(hyperref)                removing `\mathsurround' on input line 112.


Package hyperref Warning: Token not allowed in a PDF string (Unicode):
(hyperref)                removing `\z@' on input line 112.


Package hyperref Warning: Token not allowed in a PDF string (Unicode):
(hyperref)                removing `subscript' on input line 112.

[21]
Overfull \hbox (94.24678pt too wide) in paragraph at lines 136--145
\TU/Calibri(1)/m/n/10.95 Meteo [[]]. Τα επεξεργασμένα δεδομένα αποθηκεύονται στ
ο \TU/CourierNew(0)/m/n/10.95 data/processed/weather_gr_hourly.parquet
 []


Underfull \hbox (badness 1377) in paragraph at lines 136--145
\TU/Calibri(1)/m/n/10.95 μεταβλητές (θερμοκρασία, υγρασία, κατακρημνίσματα, νεφ
οκάλυψη, ταχύτητα ανέμου, ριπές
 []


Underfull \hbox (badness 3428) in paragraph at lines 136--145
\TU/Calibri(1)/m/n/10.95 ανέμου, ηλιακή ακτινοβολία), αποδίδοντας $\OT1/cmr/m/n
/10.95 6 \OMS/cmsy/m/n/10.95 ^^B \OT1/cmr/m/n/10.95 7 = 42$ \TU/Calibri(1)/m/n/
10.95 πρωτογενείς στήλες. Για κάθε
 []


Overfull \hbox (3.82552pt too wide) in paragraph at lines 149--156
\TU/Calibri(1)/m/n/10.95 κτηριστικό αποκλειστικά για \TU/CourierNew(0)/m/n/10.9
5 task=price\TU/Calibri(1)/m/n/10.95 . Το αρχείο data/processed/load_forecast_h
ourly.parquet
 []

[22]
Underfull \hbox (badness 10000) in paragraph at lines 165--171
[]\TU/Calibri(1)/m/n/10.95 Η \TU/CourierNew(0)/m/n/10.95 _ensure_hourly_index()
 \TU/Calibri(1)/m/n/10.95 μετατρέπει τον δείκτη κάθε σειράς δεδομένων σε
 []


Underfull \hbox (badness 3907) in paragraph at lines 165--171
\TU/CourierNew(0)/m/n/10.95 pd.DatetimeIndex\TU/Calibri(1)/m/n/10.95 , εφαρμόζε
ι \TU/CourierNew(0)/m/n/10.95 floor("H")\TU/Calibri(1)/m/n/10.95 , ταξινομεί χρ
ονολογικά και αφαιρεί τιμές
 []


Underfull \hbox (badness 2376) in paragraph at lines 165--171
\TU/CourierNew(0)/m/n/10.95 groupby(level=0).mean()\TU/Calibri(1)/m/n/10.95 , ο
 οποίος υπολογίζει τον αριθμητικό μέσο όρο των τιμών,
 []

[23] [24]
Underfull \hbox (badness 7613) in paragraph at lines 354--354
[]|\TU/Calibri(1)/m/n/10.95 hour_sin/cos, dow_sin/cos, hour, dow,
 []


Underfull \hbox (badness 10000) in paragraph at lines 365--365
[]|\TU/Calibri(1)/m/n/10.95 Dense lags
 []

File: ../thesis_output/fig_data_pipeline.png Graphic file (type bmp)
<../thesis_output/fig_data_pipeline.png>
[25] [26]
Underfull \hbox (badness 1635) in paragraph at lines 403--406
[]\TU/Calibri(1)/m/n/10.95 Ο διαχωρισμός εκπαίδευσης/αξιολόγησης ακολουθεί αυστ
ηρά χρονολογική σειρά (expanding
 []


Underfull \hbox (badness 2073) in paragraph at lines 413--417
[]\TU/Calibri(1)/m/n/10.95 Αξιολόγηση: Dec 1, 2025 - Feb 28, 2026
 []


Underfull \hbox (badness 10000) in paragraph at lines 413--417
\TU/Calibri(1)/m/n/10.95 (2.160 ώρες). Ο κόφτης εκπαίδευσης κυλίεται μηνιαία: {
30/11/2025, 31/12/2025,
 []


Underfull \hbox (badness 1910) in paragraph at lines 413--417
\TU/Calibri(1)/m/n/10.95 31/01/2026}. Αξιολογεί αν η συχνή ενημέρωση οδηγεί σε 
σημαντική βελτίωση έναντι
 []

File: ../thesis_output/fig_price_timeseries.png Graphic file (type bmp)
<../thesis_output/fig_price_timeseries.png>
[27]
File: ../thesis_output/fig_load_timeseries.png Graphic file (type bmp)
<../thesis_output/fig_load_timeseries.png>
 [28]
File: ../thesis_output/fig_monthly_avg_by_year.png Graphic file (type bmp)
<../thesis_output/fig_monthly_avg_by_year.png>
 [29]
File: ../thesis_output/fig_daily_weekly_profile.png Graphic file (type bmp)
<../thesis_output/fig_daily_weekly_profile.png>
 [30]
File: ../thesis_output/fig_daily_weekly_profile_load.png Graphic file (type bmp
)
<../thesis_output/fig_daily_weekly_profile_load.png>
 [31]
File: ../thesis_output/fig_acf_pacf_price_neo.png Graphic file (type bmp)
<../thesis_output/fig_acf_pacf_price_neo.png>
File: ../thesis_output/fig_acf_pacf_load_neo.png Graphic file (type bmp)
<../thesis_output/fig_acf_pacf_load_neo.png>
 [32]

Package hyperref Warning: Token not allowed in a PDF string (Unicode):
(hyperref)                removing `math shift' on input line 626.


Package hyperref Warning: Token not allowed in a PDF string (Unicode):
(hyperref)                removing `math shift' on input line 626.

[33]
File: ../thesis_output/fig_corr_heatmap_price.png Graphic file (type bmp)
<../thesis_output/fig_corr_heatmap_price.png>
File: ../thesis_output/fig_corr_heatmap_load.png Graphic file (type bmp)
<../thesis_output/fig_corr_heatmap_load.png>
 [34]
File: ../thesis_output/fig_price_vs_gas.png Graphic file (type bmp)
<../thesis_output/fig_price_vs_gas.png>
 [35]
File: ../thesis_output/fig_train_test_split.png Graphic file (type bmp)
<../thesis_output/fig_train_test_split.png>
) (content/methods.tex [36] [37]
Κεφάλαιο 4.
[38

] [39]
Underfull \hbox (badness 1496) in paragraph at lines 139--150
[]\TU/Calibri(1)/m/n/10.95 Κάθε ώρα αξιολογείται μεμονωμένα, χωρίς συσσώρευση σ
φάλματος. Ωστόσο, η αξιολόγηση
 []

[40]
File: ../thesis_output/fig_scheduled_sampling.png Graphic file (type bmp)
<../thesis_output/fig_scheduled_sampling.png>
 [41] [42] [43]
Underfull \hbox (badness 1221) in paragraph at lines 412--415
[]\TU/Calibri(1)/m/n/10.95 Κανονικοποιημένη εκδοχή του ποσοστιαίου σφάλματος, σ
υμμετρική ως προς υπερ- και υπο-
 []

) (content/dashboard.tex [44]
Κεφάλαιο 5.

Underfull \hbox (badness 1137) in paragraph at lines 13--20
[]\TU/Calibri(1)/m/n/10.95 Η οθόνη οργανώνεται σε τέσσερις ζώνες, που ο χρήστης
 διαβάζει από πάνω προς τα κάτω
 []

File: ../thesis_output/ui_screenshots/dash1.png Graphic file (type bmp)
<../thesis_output/ui_screenshots/dash1.png>
[45

]
File: ../thesis_output/ui_screenshots/panel.png Graphic file (type bmp)
<../thesis_output/ui_screenshots/panel.png>

Underfull \hbox (badness 10000) in paragraph at lines 53--53
[]|\TU/CourierNew(0)/m/n/10 TF\TU/Calibri(1)/m/n/10 , \TU/CourierNew(0)/m/n/10 
Rec\TU/Calibri(1)/m/n/10 , \TU/CourierNew(0)/m/n/10 MIMO\TU/Calibri(1)/m/n/10 ,

 []

[46]
File: ../thesis_output/ui_screenshots/combo_top.png Graphic file (type bmp)
<../thesis_output/ui_screenshots/combo_top.png>
File: ../thesis_output/ui_screenshots/combo_mid.png Graphic file (type bmp)
<../thesis_output/ui_screenshots/combo_mid.png>
File: ../thesis_output/ui_screenshots/combo_down.png Graphic file (type bmp)
<../thesis_output/ui_screenshots/combo_down.png>
File: ../thesis_output/ui_screenshots/hover.png Graphic file (type bmp)
<../thesis_output/ui_screenshots/hover.png>
File: ../thesis_output/ui_screenshots/hmerologio.png Graphic file (type bmp)
<../thesis_output/ui_screenshots/hmerologio.png>
File: ../thesis_output/ui_screenshots/pinakes.png Graphic file (type bmp)
<../thesis_output/ui_screenshots/pinakes.png>
) (content/experiments.tex [47] [48] [49]
Κεφάλαιο 6.
[50

] [51] [52] [53] [54] [55]
File: ../thesis_output/ch6_forecast_analysis/static_dec_best_price_mae.png Grap
hic file (type bmp)
<../thesis_output/ch6_forecast_analysis/static_dec_best_price_mae.png>
File: ../thesis_output/ch6_forecast_analysis/static_dec_best_load_mae.png Graph
ic file (type bmp)
<../thesis_output/ch6_forecast_analysis/static_dec_best_load_mae.png>
 [56] [57] [58]
File: ../thesis_output/ch6_forecast_analysis/30_regime_changepoint_price.png Gr
aphic file (type bmp)
<../thesis_output/ch6_forecast_analysis/30_regime_changepoint_price.png>
 [59]
File: ../thesis_output/ch6_forecast_analysis/30_regime_changepoint_load.png Gra
phic file (type bmp)
<../thesis_output/ch6_forecast_analysis/30_regime_changepoint_load.png>
 [60]
File: ../thesis_output/ch6_forecast_analysis/11_monthly_price.png Graphic file 
(type bmp)
<../thesis_output/ch6_forecast_analysis/11_monthly_price.png>
File: ../thesis_output/ch6_forecast_analysis/12_monthly_load.png Graphic file (
type bmp)
<../thesis_output/ch6_forecast_analysis/12_monthly_load.png>
 [61]
File: ../thesis_output/ch6_forecast_analysis/25_cross_regime_delta_price.png Gr
aphic file (type bmp)
<../thesis_output/ch6_forecast_analysis/25_cross_regime_delta_price.png>
 [62]
File: ../thesis_output/ch6_forecast_analysis/26_cross_regime_delta_load.png Gra
phic file (type bmp)
<../thesis_output/ch6_forecast_analysis/26_cross_regime_delta_load.png>
 [63]
File: ../thesis_output/ch6_forecast_analysis/05_boxplot_price.png Graphic file 
(type bmp)
<../thesis_output/ch6_forecast_analysis/05_boxplot_price.png>
File: ../thesis_output/ch6_forecast_analysis/06_boxplot_load.png Graphic file (
type bmp)
<../thesis_output/ch6_forecast_analysis/06_boxplot_load.png>
 [64]
File: ../thesis_output/ch6_forecast_analysis/19_bias_price.png Graphic file (ty
pe bmp)
<../thesis_output/ch6_forecast_analysis/19_bias_price.png>

[65]
File: ../thesis_output/ch6_forecast_analysis/20_bias_load.png Graphic file (typ
e bmp)
<../thesis_output/ch6_forecast_analysis/20_bias_load.png>
 [66]
File: ../thesis_output/ch6_forecast_analysis/07_hourly_price.png Graphic file (
type bmp)
<../thesis_output/ch6_forecast_analysis/07_hourly_price.png>
File: ../thesis_output/ch6_forecast_analysis/08_hourly_load.png Graphic file (t
ype bmp)
<../thesis_output/ch6_forecast_analysis/08_hourly_load.png>
 [67]
File: ../thesis_output/ch6_forecast_analysis/31a_spikes_timeline_price.png Grap
hic file (type bmp)
<../thesis_output/ch6_forecast_analysis/31a_spikes_timeline_price.png>
 [68]
File: ../thesis_output/ch6_forecast_analysis/31b_spikes_miss_rate_price.png Gra
phic file (type bmp)
<../thesis_output/ch6_forecast_analysis/31b_spikes_miss_rate_price.png>
File: ../thesis_output/ch6_forecast_analysis/32a_spikes_timeline_load.png Graph
ic file (type bmp)
<../thesis_output/ch6_forecast_analysis/32a_spikes_timeline_load.png>
 [69]
File: ../thesis_output/ch6_forecast_analysis/32b_spikes_miss_rate_load.png Grap
hic file (type bmp)
<../thesis_output/ch6_forecast_analysis/32b_spikes_miss_rate_load.png>
 [70]
File: ../thesis_output/ch6_forecast_analysis/31c_spike_episode_price.png Graphi
c file (type bmp)
<../thesis_output/ch6_forecast_analysis/31c_spike_episode_price.png>
File: ../thesis_output/ch6_forecast_analysis/32d_spike_episode_load.png Graphic
 file (type bmp)
<../thesis_output/ch6_forecast_analysis/32d_spike_episode_load.png>
 [71]
File: ../thesis_output/ch5_dm_test/dm_price_wins_v2.png Graphic file (type bmp)

<../thesis_output/ch5_dm_test/dm_price_wins_v2.png>
File: ../thesis_output/ch5_dm_test/dm_load_wins_v2.png Graphic file (type bmp)
<../thesis_output/ch5_dm_test/dm_load_wins_v2.png>
 [72] [73] [74])
(content/feature_importance.tex [75]
Κεφάλαιο 7.
[76

]
File: ../thesis_output/ch4_feature_importance/fig_fi_D_tf_price.png Graphic fil
e (type bmp)
<../thesis_output/ch4_feature_importance/fig_fi_D_tf_price.png>
File: ../thesis_output/ch4_feature_importance/fig_fi_D_rec_price.png Graphic fi
le (type bmp)
<../thesis_output/ch4_feature_importance/fig_fi_D_rec_price.png>
 [77] [78]
File: ../thesis_output/ch4_feature_importance/fig_fi_D_tf_load.png Graphic file
 (type bmp)
<../thesis_output/ch4_feature_importance/fig_fi_D_tf_load.png>
File: ../thesis_output/ch4_feature_importance/fig_fi_D_rec_load.png Graphic fil
e (type bmp)
<../thesis_output/ch4_feature_importance/fig_fi_D_rec_load.png>
File: ../thesis_output/ch4_feature_importance/fig_fi_D_mimo_price.png Graphic f
ile (type bmp)
<../thesis_output/ch4_feature_importance/fig_fi_D_mimo_price.png>
 [79] [80]
File: ../thesis_output/ch4_feature_importance/fig_fi_D_direct_price.png Graphic
 file (type bmp)
<../thesis_output/ch4_feature_importance/fig_fi_D_direct_price.png>
 [81]
File: ../thesis_output/ch4_feature_importance/fig_fi_D_mimo_load.png Graphic fi
le (type bmp)
<../thesis_output/ch4_feature_importance/fig_fi_D_mimo_load.png>

Underfull \hbox (badness 4621) in paragraph at lines 219--225
\TU/Calibri(1)/m/n/10.95 (\TU/Calibri(1)/m/it/10.95 Load_lag1/6/12/3\TU/Calibri
(1)/m/n/10.95 ), ενώ το LightGBM στρέφεται στους κυλιόμενους μέσους (\TU/Calibr
i(1)/m/it/10.95 Load_roll168\TU/Calibri(1)/m/n/10.95 ,
 []

File: ../thesis_output/ch4_feature_importance/fig_fi_D_direct_load.png Graphic 
file (type bmp)
<../thesis_output/ch4_feature_importance/fig_fi_D_direct_load.png>
File: ../thesis_output/ch4_feature_importance/fig_fi_C_heatmap_price.png Graphi
c file (type bmp)
<../thesis_output/ch4_feature_importance/fig_fi_C_heatmap_price.png>
File: ../thesis_output/ch4_feature_importance/fig_fi_C_heatmap_load.png Graphic
 file (type bmp)
<../thesis_output/ch4_feature_importance/fig_fi_C_heatmap_load.png>
[82] [83] [84] [85]) (content/conclusions.tex [86]
Κεφάλαιο 8.
[87

] [88] [89]) (main.bbl [90]
Underfull \hbox (badness 3557) in paragraph at lines 38--44
\TU/Calibri(1)/m/n/10.95 με την εκκίνηση του target model την 1η Νοεμβρίου.  []
$[][][][][] [] [] [] [][][][] [] [][][] [] [][] []
 []

[91

]
Underfull \hbox (badness 10000) in paragraph at lines 191--196
[]\TU/Calibri(1)/m/n/10.95 Vasilis Michalakopoulos, Christoforos Menos-Aikateri
niadis, Elissaios Sarmas, Antonis
 []

[92]) [93] (main.aux)
 ***********
LaTeX2e <2025-11-01>
L3 programming layer <2026-01-19>
 ***********
Package rerunfilecheck Info: File `main.out' has not changed.
(rerunfilecheck)             Checksum: 5B99D26D3807C19F4C0A19F56EF3462D;33299.
 ) 
Here is how much of TeX's memory you used:
 58723 strings out of 402983
 1380773 string characters out of 5448482
 2036781 words of memory out of 5000000
 86538 multiletter control sequences out of 15000+600000
 640832 words of font info for 156 fonts, out of 8000000 for 9000
 1348 hyphenation exceptions out of 8191
 87i,17n,131p,2489b,696s stack positions out of 10000i,1000n,20000p,200000b,200000s

Output written on main.pdf (115 pages).
