\BOOKMARK [0][-]{section*.4}{\376\377\003\232\003\261\003\304\003\254\003\273\003\277\003\263\003\277\003\302\000\040\003\221\003\272\003\301\003\311\003\275\003\315\003\274\003\311\003\275}{}% 1
\BOOKMARK [0][-]{chapter.1}{\376\377\003\225\003\271\003\303\003\261\003\263\003\311\003\263\003\256}{}% 2
\BOOKMARK [1][-]{section.1.1}{\376\377\003\225\003\275\003\265\003\301\003\263\003\265\003\271\003\261\003\272\003\256\000\040\003\234\003\265\003\304\003\254\003\262\003\261\003\303\003\267\000\040\003\272\003\261\003\271\000\040\003\221\003\300\003\265\003\273\003\265\003\305\003\270\003\255\003\301\003\311\003\303\003\267\000\040\003\221\003\263\003\277\003\301\003\316\003\275\000\040\003\227\003\273\003\265\003\272\003\304\003\301\003\271\003\272\003\256\003\302\000\040\003\225\003\275\003\255\003\301\003\263\003\265\003\271\003\261\003\302}{chapter.1}% 3
\BOOKMARK [1][-]{section.1.2}{\376\377\003\237\000\040\003\225\003\305\003\301\003\311\003\300\003\261\003\312\003\272\003\314\003\302\000\040\003\243\003\307\003\265\003\264\003\271\003\261\003\303\003\274\003\314\003\302\000:\000\040\003\244\003\277\000\040\003\234\003\277\003\275\003\304\003\255\003\273\003\277\000\040\003\243\003\304\003\314\003\307\003\277\003\302}{chapter.1}% 4
\BOOKMARK [1][-]{section.1.3}{\376\377\003\227\000\040\003\225\003\273\003\273\003\267\003\275\003\271\003\272\003\256\000\040\003\221\003\263\003\277\003\301\003\254\000\040\003\227\003\273\003\265\003\272\003\304\003\301\003\271\003\272\003\256\003\302\000\040\003\225\003\275\003\255\003\301\003\263\003\265\003\271\003\261\003\302}{chapter.1}% 5
\BOOKMARK [1][-]{section.1.4}{\376\377\003\240\003\301\003\314\003\262\003\273\003\265\003\310\003\267\000\040\003\244\003\271\003\274\003\316\003\275\000\040\003\227\003\273\003\265\003\272\003\304\003\301\003\271\003\272\003\256\003\302\000\040\003\225\003\275\003\255\003\301\003\263\003\265\003\271\003\261\003\302}{chapter.1}% 6
\BOOKMARK [1][-]{section.1.5}{\376\377\003\240\003\301\003\314\003\262\003\273\003\265\003\310\003\267\000\040\003\227\003\273\003\265\003\272\003\304\003\301\003\271\003\272\003\277\003\315\000\040\003\246\003\277\003\301\003\304\003\257\003\277\003\305}{chapter.1}% 7
\BOOKMARK [1][-]{section.1.6}{\376\377\003\221\003\273\003\273\003\267\003\273\003\265\003\300\003\257\003\264\003\301\003\261\003\303\003\267\000\040\003\244\003\271\003\274\003\256\003\302\000\040\003\272\003\261\003\271\000\040\003\246\003\277\003\301\003\304\003\257\003\277\003\305}{chapter.1}% 8
\BOOKMARK [1][-]{section.1.7}{\376\377\003\243\003\272\003\277\003\300\003\314\003\302\000\040\003\272\003\261\003\271\000\040\003\225\003\301\003\265\003\305\003\275\003\267\003\304\003\271\003\272\003\254\000\040\003\225\003\301\003\311\003\304\003\256\003\274\003\261\003\304\003\261}{chapter.1}% 9
\BOOKMARK [1][-]{section.1.8}{\376\377\003\224\003\277\003\274\003\256\000\040\003\304\003\267\003\302\000\040\003\225\003\301\003\263\003\261\003\303\003\257\003\261\003\302}{chapter.1}% 10
\BOOKMARK [0][-]{chapter.2}{\376\377\003\222\003\271\003\262\003\273\003\271\003\277\003\263\003\301\003\261\003\306\003\271\003\272\003\256\000\040\003\221\003\275\003\261\003\303\003\272\003\314\003\300\003\267\003\303\003\267}{}% 11
\BOOKMARK [1][-]{section.2.1}{\376\377\003\240\003\301\003\314\003\262\003\273\003\265\003\310\003\267\000\040\003\244\003\271\003\274\003\316\003\275\000\040\003\227\003\273\003\265\003\272\003\304\003\301\003\271\003\272\003\256\003\302\000\040\003\225\003\275\003\255\003\301\003\263\003\265\003\271\003\261\003\302}{chapter.2}% 12
\BOOKMARK [2][-]{subsection.2.1.1}{\376\377\003\225\003\276\003\255\003\273\003\271\003\276\003\267\000\040\003\300\003\265\003\264\003\257\003\277\003\305\000\040\003\272\003\261\003\271\000\040\003\262\003\261\003\303\003\271\003\272\003\255\003\302\000\040\003\261\003\275\003\261\003\303\003\272\003\277\003\300\003\256\003\303\003\265\003\271\003\302}{section.2.1}% 13
\BOOKMARK [2][-]{subsection.2.1.2}{\376\377\003\232\003\261\003\304\003\267\003\263\003\277\003\301\003\257\003\265\003\302\000\040\003\234\003\265\003\270\003\314\003\264\003\311\003\275\000\040\003\240\003\301\003\314\003\262\003\273\003\265\003\310\003\267\003\302}{section.2.1}% 14
\BOOKMARK [2][-]{subsection.2.1.3}{\376\377\003\237\000\040\003\301\003\314\003\273\003\277\003\302\000\040\003\265\003\300\003\277\003\307\003\271\003\272\003\256\003\302\000\040\003\264\003\271\003\314\003\301\003\270\003\311\003\303\003\267\003\302}{section.2.1}% 15
\BOOKMARK [1][-]{section.2.2}{\376\377\003\240\003\301\003\314\003\262\003\273\003\265\003\310\003\267\000\040\003\227\003\273\003\265\003\272\003\304\003\301\003\271\003\272\003\277\003\315\000\040\003\246\003\277\003\301\003\304\003\257\003\277\003\305}{chapter.2}% 16
\BOOKMARK [2][-]{subsection.2.2.1}{\376\377\003\231\003\303\003\304\003\277\003\301\003\271\003\272\003\256\000\040\003\265\003\276\003\255\003\273\003\271\003\276\003\267}{section.2.2}% 17
\BOOKMARK [2][-]{subsection.2.2.2}{\376\377\003\232\003\261\003\304\003\267\003\263\003\277\003\301\003\271\003\277\003\300\003\277\003\257\003\267\003\303\003\267\000\040\003\272\003\261\003\304\003\254\000\040\003\237\003\301\003\257\003\266\003\277\003\275\003\304\003\261}{section.2.2}% 18
\BOOKMARK [2][-]{subsection.2.2.3}{\376\377\003\243\003\304\003\261\003\304\003\271\003\303\003\304\003\271\003\272\003\254\000\040\003\247\003\261\003\301\003\261\003\272\003\304\003\267\003\301\003\271\003\303\003\304\003\271\003\272\003\254}{section.2.2}% 19
\BOOKMARK [1][-]{section.2.3}{\376\377\003\234\003\277\003\275\003\304\003\255\003\273\003\261\000\040\003\221\003\275\003\261\003\306\003\277\003\301\003\254\003\302\000\040\000\050\000N\000a\000i\000v\000e\000\040\000B\000a\000s\000e\000l\000i\000n\000e\000s\000\051}{chapter.2}% 20
\BOOKMARK [1][-]{section.2.4}{\376\377\003\221\003\273\003\263\003\314\003\301\003\271\003\270\003\274\003\277\003\271\000\040\003\234\003\267\003\307\003\261\003\275\003\271\003\272\003\256\003\302\000\040\003\234\003\254\003\270\003\267\003\303\003\267\003\302}{chapter.2}% 21
\BOOKMARK [2][-]{subsection.2.4.1}{\376\377\003\234\003\255\003\270\003\277\003\264\003\277\003\271\000\040\000G\000r\000a\000d\000i\000e\000n\000t\000\040\000B\000o\000o\000s\000t\000i\000n\000g}{section.2.4}% 22
\BOOKMARK [2][-]{subsection.2.4.2}{\376\377\000S\000u\000p\000p\000o\000r\000t\000\040\000V\000e\000c\000t\000o\000r\000\040\000R\000e\000g\000r\000e\000s\000s\000i\000o\000n}{section.2.4}% 23
\BOOKMARK [2][-]{subsection.2.4.3}{\376\377\000M\000u\000l\000t\000i\000-\000L\000a\000y\000e\000r\000\040\000P\000e\000r\000c\000e\000p\000t\000r\000o\000n\000\040\000\050\000M\000L\000P\000\051}{section.2.4}% 24
\BOOKMARK [1][-]{section.2.5}{\376\377\003\243\003\304\003\301\003\261\003\304\003\267\003\263\003\271\003\272\003\255\003\302\000\040\003\240\003\277\003\273\003\305\003\262\003\267\003\274\003\261\003\304\003\271\003\272\003\256\003\302\000\040\003\240\003\301\003\314\003\262\003\273\003\265\003\310\003\267\003\302}{chapter.2}% 25
\BOOKMARK [1][-]{section.2.6}{\376\377\000S\000c\000h\000e\000d\000u\000l\000e\000d\000\040\000S\000a\000m\000p\000l\000i\000n\000g}{chapter.2}% 26
\BOOKMARK [1][-]{section.2.7}{\376\377\000W\000a\000l\000k\000-\000F\000o\000r\000w\000a\000r\000d\000\040\003\234\003\267\003\275\003\271\003\261\003\257\003\261\000\040\003\225\003\300\003\261\003\275\003\265\003\272\003\300\003\261\003\257\003\264\003\265\003\305\003\303\003\267}{chapter.2}% 27
\BOOKMARK [1][-]{section.2.8}{\376\377\003\243\003\315\003\275\003\270\003\265\003\303\003\267\000\040\003\272\003\261\003\271\000\040\003\244\003\277\003\300\003\277\003\270\003\255\003\304\003\267\003\303\003\267\000\040\003\304\003\267\003\302\000\040\003\240\003\261\003\301\003\277\003\315\003\303\003\261\003\302\000\040\003\225\003\301\003\263\003\261\003\303\003\257\003\261\003\302}{chapter.2}% 28
\BOOKMARK [0][-]{chapter.3}{\376\377\003\224\003\265\003\264\003\277\003\274\003\255\003\275\003\261\000\040\000\046\000\040\003\247\003\261\003\301\003\261\003\272\003\304\003\267\003\301\003\271\003\303\003\304\003\271\003\272\003\254}{}% 29
\BOOKMARK [1][-]{section.3.1}{\376\377\003\240\003\267\003\263\003\255\003\302\000\040\003\221\003\272\003\261\003\304\003\255\003\301\003\263\003\261\003\303\003\304\003\311\003\275\000\040\003\224\003\265\003\264\003\277\003\274\003\255\003\275\003\311\003\275}{chapter.3}% 30
\BOOKMARK [2][-]{subsection.3.1.1}{\376\377\003\244\003\271\003\274\003\255\003\302\000\040\003\221\003\263\003\277\003\301\003\254\003\302\000\040\003\225\003\300\003\314\003\274\003\265\003\275\003\267\003\302\000\040\003\227\003\274\003\255\003\301\003\261\003\302\000\040\040\024\000\040\000E\000N\000T\000S\000O\000-\000E\000\040\000D\000A\000M}{section.3.1}% 31
\BOOKMARK [2][-]{subsection.3.1.2}{\376\377\003\240\003\301\003\261\003\263\003\274\003\261\003\304\003\271\003\272\003\314\000\040\003\227\003\273\003\265\003\272\003\304\003\301\003\271\003\272\003\314\000\040\003\246\003\277\003\301\003\304\003\257\003\277\000\040\040\024\000\040\000E\000N\000T\000S\000O\000-\000E}{section.3.1}% 32
\BOOKMARK [2][-]{subsection.3.1.3}{\376\377\003\240\003\301\003\261\003\263\003\274\003\261\003\304\003\271\003\272\003\256\000\040\003\240\003\261\003\301\003\261\003\263\003\311\003\263\003\256\000\040\003\261\003\275\003\254\000\040\003\244\003\315\003\300\003\277\000\040\003\244\003\265\003\307\003\275\003\277\003\273\003\277\003\263\003\257\003\261\003\302\000\040\040\024\000\040\000E\000N\000T\000S\000O\000-\000E}{section.3.1}% 33
\BOOKMARK [2][-]{subsection.3.1.4}{\376\377\003\244\003\271\003\274\003\256\000\040\003\246\003\305\003\303\003\271\003\272\003\277\003\315\000\040\003\221\003\265\003\301\003\257\003\277\003\305\000\040\040\024\000\040\000D\000u\000t\000c\000h\000\040\000T\000T\000F\000\040\000F\000u\000t\000u\000r\000e\000s\000\040\000\050\003\227\003\274\003\265\003\301\003\256\003\303\003\271\003\261\000\051}{section.3.1}% 34
\BOOKMARK [2][-]{subsection.3.1.5}{\376\377\003\244\003\271\003\274\003\256\000\040\003\224\003\271\003\272\003\261\003\271\003\311\003\274\003\254\003\304\003\311\003\275\000\040\000C\000O\0002\000\040\040\024\000\040\000E\000U\000\040\000E\000T\000S\000\040\000F\000u\000t\000u\000r\000e\000s\000\040\000\050\003\227\003\274\003\265\003\301\003\256\003\303\003\271\003\261\000\051}{section.3.1}% 35
\BOOKMARK [2][-]{subsection.3.1.6}{\376\377\003\240\003\301\003\277\003\262\003\273\003\255\003\310\003\265\003\271\003\302\000\040\003\240\003\261\003\301\003\261\003\263\003\311\003\263\003\256\003\302\000\040\003\225\003\300\003\314\003\274\003\265\003\275\003\267\003\302\000\040\003\227\003\274\003\255\003\301\003\261\003\302\000\040\040\024\000\040\000E\000N\000T\000S\000O\000-\000E\000\040\000E\000x\000t\000r\000a}{section.3.1}% 36
\BOOKMARK [2][-]{subsection.3.1.7}{\376\377\003\234\003\265\003\304\003\265\003\311\003\301\003\277\003\273\003\277\003\263\003\271\003\272\003\254\000\040\003\224\003\265\003\264\003\277\003\274\003\255\003\275\003\261\000\040\040\024\000\040\000O\000p\000e\000n\000-\000M\000e\000t\000e\000o\000\040\000A\000P\000I}{section.3.1}% 37
\BOOKMARK [2][-]{subsection.3.1.8}{\376\377\003\240\003\301\003\314\003\262\003\273\003\265\003\310\003\267\000\040\003\246\003\277\003\301\003\304\003\257\003\277\003\305\000\040\003\225\003\300\003\314\003\274\003\265\003\275\003\267\003\302\000\040\003\227\003\274\003\255\003\301\003\261\003\302\000\040\000\050\000l\000o\000a\000d\000\137\000f\000c\000\051}{section.3.1}% 38
\BOOKMARK [1][-]{section.3.2}{\376\377\003\232\003\261\003\275\003\277\003\275\003\271\003\272\003\277\003\300\003\277\003\257\003\267\003\303\003\267\000\040\003\247\003\301\003\277\003\275\003\271\003\272\003\277\003\315\000\040\003\224\003\265\003\257\003\272\003\304\003\267}{chapter.3}% 39
\BOOKMARK [1][-]{section.3.3}{\376\377\003\224\003\271\003\277\003\307\003\255\003\304\003\265\003\305\003\303\003\267\000\040\003\225\003\300\003\265\003\276\003\265\003\301\003\263\003\261\003\303\003\257\003\261\003\302\000\040\003\224\003\265\003\264\003\277\003\274\003\255\003\275\003\311\003\275}{chapter.3}% 40
\BOOKMARK [1][-]{section.3.4}{\376\377\003\234\003\267\003\307\003\261\003\275\003\271\003\272\003\256\000\040\003\247\003\261\003\301\003\261\003\272\003\304\003\267\003\301\003\271\003\303\003\304\003\271\003\272\003\316\003\275}{chapter.3}% 41
\BOOKMARK [2][-]{subsection.3.4.1}{\376\377\003\227\003\274\003\265\003\301\003\277\003\273\003\277\003\263\003\271\003\261\003\272\003\254\000\040\003\247\003\261\003\301\003\261\003\272\003\304\003\267\003\301\003\271\003\303\003\304\003\271\003\272\003\254}{section.3.4}% 42
\BOOKMARK [2][-]{subsection.3.4.2}{\376\377\003\247\003\301\003\277\003\275\003\271\003\272\003\254\000\040\003\232\003\261\003\270\003\305\003\303\003\304\003\265\003\301\003\267\003\274\003\255\003\275\003\261\000\040\003\247\003\261\003\301\003\261\003\272\003\304\003\267\003\301\003\271\003\303\003\304\003\271\003\272\003\254}{section.3.4}% 43
\BOOKMARK [2][-]{subsection.3.4.3}{\376\377\003\232\003\305\003\273\003\271\003\314\003\274\003\265\003\275\003\261\000\040\003\243\003\304\003\261\003\304\003\271\003\303\003\304\003\271\003\272\003\254}{section.3.4}% 44
\BOOKMARK [2][-]{subsection.3.4.4}{\376\377\003\224\003\265\003\257\003\272\003\304\003\265\003\302\000\040\003\221\003\300\003\314\003\275\003\304\003\311\003\275\000\040\003\244\003\271\003\274\003\316\003\275}{section.3.4}% 45
\BOOKMARK [2][-]{subsection.3.4.5}{\376\377\003\221\003\275\003\304\003\271\003\274\003\265\003\304\003\316\003\300\003\271\003\303\003\267\000\040\003\224\003\271\003\261\003\301\003\301\003\277\003\256\003\302\000\040\003\224\003\265\003\264\003\277\003\274\003\255\003\275\003\311\003\275}{section.3.4}% 46
\BOOKMARK [2][-]{subsection.3.4.6}{\376\377\003\240\003\305\003\272\003\275\003\255\003\302\000\040\003\225\003\275\003\264\003\277\003\267\003\274\003\265\003\301\003\256\003\303\003\271\003\265\003\302\000\040\003\245\003\303\003\304\003\265\003\301\003\256\003\303\003\265\003\271\003\302\000\040\000\050\000D\000e\000n\000s\000e\000\040\000I\000n\000t\000r\000a\000d\000a\000y\000\040\000L\000a\000g\000s\000\051\000\040\040\024\000\040\003\234\003\314\003\275\003\277\000\040\003\263\003\271\003\261\000\040\000M\000I\000M\000O\000/\000D\000i\000r\000e\000c\000t}{section.3.4}% 47
\BOOKMARK [2][-]{subsection.3.4.7}{\376\377\003\244\003\265\003\273\003\271\003\272\003\314\003\302\000\040\003\240\003\257\003\275\003\261\003\272\003\261\003\302\000\040\003\247\003\261\003\301\003\261\003\272\003\304\003\267\003\301\003\271\003\303\003\304\003\271\003\272\003\316\003\275}{section.3.4}% 48
\BOOKMARK [1][-]{section.3.5}{\376\377\003\232\003\261\003\304\003\261\003\303\003\272\003\265\003\305\003\256\000\040\003\240\003\257\003\275\003\261\003\272\003\261\000\040\003\225\003\272\003\300\003\261\003\257\003\264\003\265\003\305\003\303\003\267\003\302}{chapter.3}% 49
\BOOKMARK [1][-]{section.3.6}{\376\377\003\247\003\301\003\277\003\275\003\271\003\272\003\314\003\302\000\040\003\224\003\271\003\261\003\307\003\311\003\301\003\271\003\303\003\274\003\314\003\302\000\040\003\225\003\272\003\300\003\261\003\257\003\264\003\265\003\305\003\303\003\267\003\302\000\040\000/\000\040\003\221\003\276\003\271\003\277\003\273\003\314\003\263\003\267\003\303\003\267\003\302}{chapter.3}% 50
\BOOKMARK [1][-]{section.3.7}{\376\377\003\240\003\265\003\301\003\271\003\263\003\301\003\261\003\306\003\271\003\272\003\256\000\040\003\221\003\275\003\254\003\273\003\305\003\303\003\267}{chapter.3}% 51
\BOOKMARK [2][-]{subsection.3.7.1}{\376\377\003\247\003\301\003\277\003\275\003\277\003\303\003\265\003\271\003\301\003\254\000\040\003\244\003\271\003\274\003\256\003\302\000\040\003\227\003\273\003\265\003\272\003\304\003\301\003\271\003\272\003\256\003\302\000\040\003\225\003\275\003\255\003\301\003\263\003\265\003\271\003\261\003\302}{section.3.7}% 52
\BOOKMARK [2][-]{subsection.3.7.2}{\376\377\003\247\003\301\003\277\003\275\003\277\003\303\003\265\003\271\003\301\003\254\000\040\003\227\003\273\003\265\003\272\003\304\003\301\003\271\003\272\003\277\003\315\000\040\003\246\003\277\003\301\003\304\003\257\003\277\003\305}{section.3.7}% 53
\BOOKMARK [2][-]{subsection.3.7.3}{\376\377\003\225\003\300\003\277\003\307\003\271\003\261\003\272\003\256\000\040\003\225\003\276\003\255\003\273\003\271\003\276\003\267\000\040\003\261\003\275\003\254\000\040\003\210\003\304\003\277\003\302}{section.3.7}% 54
\BOOKMARK [2][-]{subsection.3.7.4}{\376\377\003\251\003\301\003\271\003\261\003\257\003\261\000\040\003\272\003\261\003\271\000\040\003\225\003\262\003\264\003\277\003\274\003\261\003\264\003\271\003\261\003\257\003\261\000\040\003\225\003\300\003\277\003\307\003\271\003\272\003\314\003\304\003\267\003\304\003\261}{section.3.7}% 55
\BOOKMARK [2][-]{subsection.3.7.5}{\376\377\003\221\003\305\003\304\003\277\003\303\003\305\003\303\003\307\003\255\003\304\003\271\003\303\003\267\000\040\003\272\003\261\003\271\000\040\003\225\003\300\003\271\003\273\003\277\003\263\003\256\000\040\003\245\003\303\003\304\003\265\003\301\003\256\003\303\003\265\003\311\003\275}{section.3.7}% 56
\BOOKMARK [2][-]{subsection.3.7.6}{\376\377\003\225\003\275\003\264\003\277\003\267\003\274\003\265\003\301\003\256\003\303\003\271\003\261\000\040\003\225\003\276\003\254\003\301\003\304\003\267\003\303\003\267\000\040\003\227\003\274\003\255\003\301\003\261\003\302\000\040\000D\000\040\003\261\003\300\003\314\000\040\000D\000-\0001}{section.3.7}% 57
\BOOKMARK [2][-]{subsection.3.7.7}{\376\377\003\225\003\300\003\257\003\264\003\301\003\261\003\303\003\267\000\040\003\246\003\305\003\303\003\271\003\272\003\277\003\315\000\040\003\221\003\265\003\301\003\257\003\277\003\305\000\040\003\272\003\261\003\271\000\040\003\221\003\275\003\261\003\275\003\265\003\316\003\303\003\271\003\274\003\311\003\275\000\040\003\240\003\267\003\263\003\316\003\275}{section.3.7}% 58
\BOOKMARK [2][-]{subsection.3.7.8}{\376\377\003\224\003\271\003\261\003\307\003\311\003\301\003\271\003\303\003\274\003\314\003\302\000\040\003\225\003\272\003\300\003\261\003\257\003\264\003\265\003\305\003\303\003\267\003\302\000\040\003\272\003\261\003\271\000\040\003\221\003\276\003\271\003\277\003\273\003\314\003\263\003\267\003\303\003\267\003\302}{section.3.7}% 59
\BOOKMARK [0][-]{chapter.4}{\376\377\003\234\003\265\003\270\003\277\003\264\003\277\003\273\003\277\003\263\003\257\003\261}{}% 60
\BOOKMARK [1][-]{section.4.1}{\376\377\003\221\003\273\003\263\003\314\003\301\003\271\003\270\003\274\003\277\003\271\000\040\003\234\003\267\003\307\003\261\003\275\003\271\003\272\003\256\003\302\000\040\003\234\003\254\003\270\003\267\003\303\003\267\003\302}{chapter.4}% 61
\BOOKMARK [2][-]{subsection.4.1.1}{\376\377\000L\000i\000g\000h\000t\000G\000B\000M}{section.4.1}% 62
\BOOKMARK [2][-]{subsection.4.1.2}{\376\377\000X\000G\000B\000o\000o\000s\000t}{section.4.1}% 63
\BOOKMARK [2][-]{subsection.4.1.3}{\376\377\000R\000a\000n\000d\000o\000m\000\040\000F\000o\000r\000e\000s\000t}{section.4.1}% 64
\BOOKMARK [2][-]{subsection.4.1.4}{\376\377\000S\000u\000p\000p\000o\000r\000t\000\040\000V\000e\000c\000t\000o\000r\000\040\000R\000e\000g\000r\000e\000s\000s\000i\000o\000n}{section.4.1}% 65
\BOOKMARK [2][-]{subsection.4.1.5}{\376\377\000M\000u\000l\000t\000i\000-\000L\000a\000y\000e\000r\000\040\000P\000e\000r\000c\000e\000p\000t\000r\000o\000n}{section.4.1}% 66
\BOOKMARK [1][-]{section.4.2}{\376\377\003\243\003\304\003\301\003\261\003\304\003\267\003\263\003\271\003\272\003\255\003\302\000\040\003\240\003\301\003\314\003\262\003\273\003\265\003\310\003\267\003\302\000\040\003\237\003\301\003\257\003\266\003\277\003\275\003\304\003\261\000\040\0002\0004\000\040\003\251\003\301\003\316\003\275}{chapter.4}% 67
\BOOKMARK [2][-]{subsection.4.2.1}{\376\377\000T\000e\000a\000c\000h\000e\000r\000-\000F\000o\000r\000c\000i\000n\000g\000\040\000\050\000T\000F\000\051}{section.4.2}% 68
\BOOKMARK [2][-]{subsection.4.2.2}{\376\377\000R\000e\000c\000u\000r\000s\000i\000v\000e\000\040\000\050\000R\000e\000c\000\051}{section.4.2}% 69
\BOOKMARK [2][-]{subsection.4.2.3}{\376\377\000M\000I\000M\000O\000\040\000\050\000M\000u\000l\000t\000i\000-\000I\000n\000p\000u\000t\000\040\000M\000u\000l\000t\000i\000-\000O\000u\000t\000p\000u\000t\000\051}{section.4.2}% 70
\BOOKMARK [2][-]{subsection.4.2.4}{\376\377\000D\000i\000r\000e\000c\000t\000\040\000M\000u\000l\000t\000i\000s\000t\000e\000p}{section.4.2}% 71
\BOOKMARK [1][-]{section.4.3}{\376\377\000S\000c\000h\000e\000d\000u\000l\000e\000d\000\040\000S\000a\000m\000p\000l\000i\000n\000g}{chapter.4}% 72
\BOOKMARK [1][-]{section.4.4}{\376\377\003\222\003\265\003\273\003\304\003\271\003\303\003\304\003\277\003\300\003\277\003\257\003\267\003\303\003\267\000\040\003\245\003\300\003\265\003\301\003\300\003\261\003\301\003\261\003\274\003\255\003\304\003\301\003\311\003\275\000\040\003\274\003\265\000\040\000O\000p\000t\000u\000n\000a}{chapter.4}% 73
\BOOKMARK [1][-]{section.4.5}{\376\377\000E\000n\000s\000e\000m\000b\000l\000e\000s}{chapter.4}% 74
\BOOKMARK [1][-]{section.4.6}{\376\377\003\234\003\265\003\304\003\301\003\271\003\272\003\255\003\302\000\040\003\221\003\276\003\271\003\277\003\273\003\314\003\263\003\267\003\303\003\267\003\302}{chapter.4}% 75
\BOOKMARK [1][-]{section.4.7}{\376\377\003\222\003\261\003\303\003\271\003\272\003\255\003\302\000\040\003\221\003\275\003\261\003\306\003\277\003\301\003\255\003\302\000\040\000\050\000B\000a\000s\000e\000l\000i\000n\000e\000s\000\051}{chapter.4}% 76
\BOOKMARK [0][-]{chapter.5}{\376\377\003\225\003\301\003\263\003\261\003\273\003\265\003\257\003\277\000\040\003\237\003\300\003\304\003\271\003\272\003\277\003\300\003\277\003\257\003\267\003\303\003\267\003\302}{}% 77
\BOOKMARK [1][-]{section.5.1}{\376\377\003\243\003\305\003\275\003\277\003\273\003\271\003\272\003\256\000\040\003\214\003\310\003\267\000\040\003\304\003\267\003\302\000\040\003\225\003\306\003\261\003\301\003\274\003\277\003\263\003\256\003\302}{chapter.5}% 78
\BOOKMARK [1][-]{section.5.2}{\376\377\003\244\003\305\003\300\003\271\003\272\003\256\000\040\003\241\003\277\003\256\000\040\003\247\003\301\003\256\003\303\003\267\003\302}{chapter.5}% 79
\BOOKMARK [1][-]{section.5.3}{\376\377\003\243\003\315\003\275\003\277\003\310\003\267}{chapter.5}% 80
\BOOKMARK [0][-]{chapter.6}{\376\377\003\221\003\300\003\277\003\304\003\265\003\273\003\255\003\303\003\274\003\261\003\304\003\261\000\040\003\221\003\276\003\271\003\277\003\273\003\314\003\263\003\267\003\303\003\267\003\302}{}% 81
\BOOKMARK [1][-]{section.6.1}{\376\377\003\241\003\315\003\270\003\274\003\271\003\303\003\267\000\040\003\240\003\265\003\271\003\301\003\261\003\274\003\254\003\304\003\311\003\275}{chapter.6}% 82
\BOOKMARK [1][-]{section.6.2}{\376\377\003\243\003\304\003\261\003\304\003\271\003\272\003\256\000\040\003\225\003\272\003\300\003\261\003\257\003\264\003\265\003\305\003\303\003\267\000:\000\040\003\224\003\265\003\272\003\255\003\274\003\262\003\301\003\271\003\277\003\302\000\040\0002\0000\0002\0005}{chapter.6}% 83
\BOOKMARK [2][-]{subsection.6.2.1}{\376\377\000T\000e\000a\000c\000h\000e\000r\000-\000F\000o\000r\000c\000i\000n\000g\000\040\000\050\000T\000F\000\051}{section.6.2}% 84
\BOOKMARK [2][-]{subsection.6.2.2}{\376\377\000R\000e\000c\000u\000r\000s\000i\000v\000e\000\040\000\050\000R\000e\000c\000\051}{section.6.2}% 85
\BOOKMARK [2][-]{subsection.6.2.3}{\376\377\000M\000I\000M\000O\000\040\003\272\003\261\003\271\000\040\000D\000i\000r\000e\000c\000t}{section.6.2}% 86
\BOOKMARK [2][-]{subsection.6.2.4}{\376\377\003\243\003\305\003\275\003\277\003\273\003\271\003\272\003\256\000\040\003\243\003\315\003\275\003\277\003\310\003\267\000\040\003\243\003\304\003\261\003\304\003\271\003\272\003\256\003\302\000\040\003\221\003\276\003\271\003\277\003\273\003\314\003\263\003\267\003\303\003\267\003\302}{section.6.2}% 87
\BOOKMARK [1][-]{section.6.3}{\376\377\000W\000a\000l\000k\000-\000F\000o\000r\000w\000a\000r\000d\000\040\003\234\003\267\003\275\003\271\003\261\003\257\003\261\000\040\003\225\003\300\003\261\003\275\003\265\003\272\003\300\003\261\003\257\003\264\003\265\003\305\003\303\003\267\000,\000\040\000Q\0001\000\040\0002\0000\0002\0006}{chapter.6}% 88
\BOOKMARK [2][-]{subsection.6.3.1}{\376\377\003\221\003\300\003\277\003\304\003\265\003\273\003\255\003\303\003\274\003\261\003\304\003\261\000\040\003\243\003\304\003\301\003\261\003\304\003\267\003\263\003\271\003\272\003\256\003\302\000\040\000T\000e\000a\000c\000h\000e\000r\000-\000F\000o\000r\000c\000i\000n\000g\000\040\000\050\000T\000F\000\051\000\040\000W\000a\000l\000k\000-\000F\000o\000r\000w\000a\000r\000d}{section.6.3}% 89
\BOOKMARK [2][-]{subsection.6.3.2}{\376\377\003\221\003\275\003\254\003\273\003\305\003\303\003\267\000\040\003\234\003\265\003\304\003\261\003\262\003\277\003\273\003\256\003\302\000\040\003\232\003\261\003\270\003\265\003\303\003\304\003\316\003\304\003\277\003\302}{section.6.3}% 90
\BOOKMARK [2][-]{subsection.6.3.3}{\376\377\003\221\003\275\003\304\003\257\003\272\003\304\003\305\003\300\003\277\003\302\000\040\003\225\003\300\003\261\003\275\003\265\003\272\003\300\003\261\003\257\003\264\003\265\003\305\003\303\003\267\003\302}{section.6.3}% 91
\BOOKMARK [1][-]{section.6.4}{\376\377\003\243\003\305\003\263\003\272\003\301\003\271\003\304\003\271\003\272\003\256\000\040\003\221\003\276\003\271\003\277\003\273\003\314\003\263\003\267\003\303\003\267\000\040\003\243\003\304\003\301\003\261\003\304\003\267\003\263\003\271\003\272\003\316\003\275\000\040\003\240\003\301\003\314\003\262\003\273\003\265\003\310\003\267\003\302}{chapter.6}% 92
\BOOKMARK [2][-]{subsection.6.4.1}{\376\377\003\243\003\304\003\261\003\304\003\271\003\303\003\304\003\271\003\272\003\256\000\040\003\232\003\261\003\304\003\261\003\275\003\277\003\274\003\256\000\040\003\272\003\261\003\271\000\040\003\234\003\265\003\301\003\277\003\273\003\267\003\310\003\257\003\261\000\040\003\243\003\306\003\261\003\273\003\274\003\254\003\304\003\311\003\275}{section.6.4}% 93
\BOOKMARK [2][-]{subsection.6.4.2}{\376\377\003\247\003\301\003\277\003\275\003\271\003\272\003\255\003\302\000\040\003\272\003\261\003\271\000\040\003\232\003\305\003\272\003\273\003\271\003\272\003\255\003\302\000\040\003\243\003\305\003\275\003\270\003\256\003\272\003\265\003\302\000\040\003\240\003\301\003\314\003\262\003\273\003\265\003\310\003\267\003\302}{section.6.4}% 94
\BOOKMARK [2][-]{subsection.6.4.3}{\376\377\003\221\003\275\003\270\003\265\003\272\003\304\003\271\003\272\003\314\003\304\003\267\003\304\003\261\000\040\003\303\003\265\000\040\003\221\003\272\003\301\003\261\003\257\003\265\003\302\000\040\003\243\003\305\003\275\003\270\003\256\003\272\003\265\003\302\000\040\003\221\003\271\003\307\003\274\003\256\003\302\000\040\000\050\000S\000p\000i\000k\000e\000s\000\051}{section.6.4}% 95
\BOOKMARK [1][-]{section.6.5}{\376\377\003\243\003\304\003\261\003\304\003\271\003\303\003\304\003\271\003\272\003\256\000\040\003\225\003\300\003\271\003\272\003\315\003\301\003\311\003\303\003\267\000\040\003\304\003\311\003\275\000\040\003\240\003\301\003\277\003\262\003\273\003\255\003\310\003\265\003\311\003\275\000\040\000\050\000D\000i\000e\000b\000o\000l\000d\000-\000M\000a\000r\000i\000a\000n\000o\000\051}{chapter.6}% 96
\BOOKMARK [1][-]{section.6.6}{\376\377\003\243\003\315\003\263\003\272\003\301\003\271\003\303\003\267\000\040\003\274\003\265\000\040\003\243\003\307\003\265\003\304\003\271\003\272\003\255\003\302\000\040\003\225\003\301\003\263\003\261\003\303\003\257\003\265\003\302}{chapter.6}% 97
\BOOKMARK [2][-]{subsection.6.6.1}{\376\377\003\234\003\265\003\270\003\277\003\264\003\277\003\273\003\277\003\263\003\271\003\272\003\256\000\040\003\265\003\305\003\270\003\305\003\263\003\301\003\254\003\274\003\274\003\271\003\303\003\267\000\040\003\274\003\265\000\040\003\304\003\267\003\275\000\040\003\265\003\273\003\273\003\267\003\275\003\271\003\272\003\256\000\040\003\261\003\263\003\277\003\301\003\254}{section.6.6}% 98
\BOOKMARK [2][-]{subsection.6.6.2}{\376\377\003\221\003\275\003\261\003\264\003\301\003\277\003\274\003\271\003\272\003\256\000\040\003\300\003\301\003\314\003\262\003\273\003\265\003\310\003\267\000\040\003\272\003\261\003\271\000\040\003\267\000\040\003\270\003\265\003\311\003\301\003\257\003\261\000\040\003\303\003\305\003\303\003\303\003\316\003\301\003\265\003\305\003\303\003\267\003\302\000\040\003\303\003\306\003\254\003\273\003\274\003\261\003\304\003\277\003\302}{section.6.6}% 99
\BOOKMARK [2][-]{subsection.6.6.3}{\376\377\003\225\003\300\003\261\003\275\003\265\003\272\003\300\003\261\003\257\003\264\003\265\003\305\003\303\003\267\000\040\003\272\003\261\003\271\000\040\003\274\003\265\003\304\003\261\003\262\003\277\003\273\003\256\000\040\003\272\003\261\003\270\003\265\003\303\003\304\003\316\003\304\003\277\003\302}{section.6.6}% 100
\BOOKMARK [2][-]{subsection.6.6.4}{\376\377\003\240\003\277\003\273\003\305\003\300\003\273\003\277\003\272\003\314\003\304\003\267\003\304\003\261\000\040\003\274\003\277\003\275\003\304\003\255\003\273\003\277\003\305\000\040\003\272\003\261\003\271\000\040\003\261\003\276\003\257\003\261\000\040\003\304\003\311\003\275\000\040\003\303\003\305\003\275\003\264\003\305\003\261\003\303\003\304\003\271\003\272\003\316\003\275\000\040\003\274\003\265\003\304\003\301\003\271\003\272\003\316\003\275}{section.6.6}% 101
\BOOKMARK [1][-]{section.6.7}{\376\377\003\243\003\315\003\275\003\277\003\310\003\267\000\040\003\221\003\300\003\277\003\304\003\265\003\273\003\265\003\303\003\274\003\254\003\304\003\311\003\275\000\040\003\272\003\261\003\271\000\040\003\243\003\305\003\274\003\300\003\265\003\301\003\254\003\303\003\274\003\261\003\304\003\261}{chapter.6}% 102
\BOOKMARK [0][-]{chapter.7}{\376\377\003\221\003\275\003\254\003\273\003\305\003\303\003\267\000\040\003\243\003\267\003\274\003\261\003\275\003\304\003\271\003\272\003\314\003\304\003\267\003\304\003\261\003\302\000\040\003\247\003\261\003\301\003\261\003\272\003\304\003\267\003\301\003\271\003\303\003\304\003\271\003\272\003\316\003\275}{}% 103
\BOOKMARK [1][-]{section.7.1}{\376\377\003\234\003\265\003\270\003\277\003\264\003\277\003\273\003\277\003\263\003\271\003\272\003\314\000\040\003\240\003\273\003\261\003\257\003\303\003\271\003\277\000\040\003\272\003\261\003\271\000\040\003\234\003\261\003\270\003\267\003\274\003\261\003\304\003\271\003\272\003\256\000\040\003\230\003\265\003\274\003\265\003\273\003\257\003\311\003\303\003\267}{chapter.7}% 104
\BOOKMARK [2][-]{subsection.7.1.1}{\376\377\003\240\003\301\003\311\003\304\003\314\003\272\003\277\003\273\003\273\003\277\000\040\003\225\003\300\003\265\003\276\003\265\003\301\003\263\003\261\003\303\003\257\003\261\003\302\000\040\003\272\003\261\003\271\000\040\003\240\003\261\003\301\003\261\003\263\003\311\003\263\003\256\003\302\000\040\003\221\003\300\003\277\003\304\003\265\003\273\003\265\003\303\003\274\003\254\003\304\003\311\003\275}{section.7.1}% 105
\BOOKMARK [1][-]{section.7.2}{\376\377\000T\000e\000a\000c\000h\000e\000r\000-\000F\000o\000r\000c\000i\000n\000g\000\040\003\272\003\261\003\271\000\040\000R\000e\000c\000u\000r\000s\000i\000v\000e}{chapter.7}% 106
\BOOKMARK [1][-]{section.7.3}{\376\377\000M\000I\000M\000O\000\040\003\272\003\261\003\271\000\040\000D\000i\000r\000e\000c\000t}{chapter.7}% 107
\BOOKMARK [1][-]{section.7.4}{\376\377\003\243\003\305\003\275\003\277\003\273\003\271\003\272\003\256\000\040\003\265\003\271\003\272\003\314\003\275\003\261\000\040\003\261\003\275\003\254\000\040\003\303\003\304\003\301\003\261\003\304\003\267\003\263\003\271\003\272\003\256}{chapter.7}% 108
\BOOKMARK [1][-]{section.7.5}{\376\377\003\232\003\261\003\304\003\267\003\263\003\277\003\301\003\271\003\277\003\300\003\277\003\257\003\267\003\303\003\267\000\040\003\307\003\261\003\301\003\261\003\272\003\304\003\267\003\301\003\271\003\303\003\304\003\271\003\272\003\316\003\275}{chapter.7}% 109
\BOOKMARK [1][-]{section.7.6}{\376\377\003\243\003\315\003\275\003\270\003\265\003\303\003\267\000\040\003\272\003\261\003\271\000\040\003\303\003\305\003\274\003\300\003\265\003\301\003\254\003\303\003\274\003\261\003\304\003\261}{chapter.7}% 110
\BOOKMARK [0][-]{chapter.8}{\376\377\003\243\003\305\003\274\003\300\003\265\003\301\003\254\003\303\003\274\003\261\003\304\003\261}{}% 111
\BOOKMARK [1][-]{section.8.1}{\376\377\003\243\003\315\003\275\003\277\003\310\003\267\000\040\003\232\003\315\003\301\003\271\003\311\003\275\000\040\003\225\003\305\003\301\003\267\003\274\003\254\003\304\003\311\003\275}{chapter.8}% 112
\BOOKMARK [1][-]{section.8.2}{\376\377\003\243\003\305\003\275\003\265\003\271\003\303\003\306\003\277\003\301\003\255\003\302\000\040\003\304\003\267\003\302\000\040\003\225\003\301\003\263\003\261\003\303\003\257\003\261\003\302}{chapter.8}% 113
\BOOKMARK [1][-]{section.8.3}{\376\377\003\240\003\265\003\301\003\271\003\277\003\301\003\271\003\303\003\274\003\277\003\257}{chapter.8}% 114
\BOOKMARK [1][-]{section.8.4}{\376\377\003\234\003\265\003\273\003\273\003\277\003\275\003\304\003\271\003\272\003\256\000\040\003\210\003\301\003\265\003\305\003\275\003\261}{chapter.8}% 115
\BOOKMARK [1][-]{section.8.5}{\376\377\003\232\003\273\003\265\003\257\003\303\003\271\003\274\003\277}{chapter.8}% 116
